Archive member included because of file (symbol)

c:/program files (x86)/gnu tools arm embedded/4.9 2015q3/bin/../lib/gcc/arm-none-eabi/4.9.3/armv7-m\libgcc.a(_arm_addsubdf3.o)
                              ..\obj\main.o (__aeabi_ui2d)
c:/program files (x86)/gnu tools arm embedded/4.9 2015q3/bin/../lib/gcc/arm-none-eabi/4.9.3/armv7-m\libgcc.a(_arm_muldivdf3.o)
                              ..\obj\main.o (__aeabi_dmul)
c:/program files (x86)/gnu tools arm embedded/4.9 2015q3/bin/../lib/gcc/arm-none-eabi/4.9.3/armv7-m\libgcc.a(_arm_cmpdf2.o)
                              ..\obj\main.o (__aeabi_dcmpge)
c:/program files (x86)/gnu tools arm embedded/4.9 2015q3/bin/../lib/gcc/arm-none-eabi/4.9.3/armv7-m\libgcc.a(_arm_truncdfsf2.o)
                              ..\obj\main.o (__aeabi_d2f)
c:/program files (x86)/gnu tools arm embedded/4.9 2015q3/bin/../lib/gcc/arm-none-eabi/4.9.3/armv7-m\libgcc.a(_arm_muldivsf3.o)
                              ..\obj\main.o (__aeabi_fmul)
c:/program files (x86)/gnu tools arm embedded/4.9 2015q3/bin/../lib/gcc/arm-none-eabi/4.9.3/armv7-m\libgcc.a(_arm_fixsfsi.o)
                              ..\obj\main.o (__aeabi_f2iz)
c:/program files (x86)/gnu tools arm embedded/4.9 2015q3/bin/../lib/gcc/arm-none-eabi/4.9.3/armv7-m\libgcc.a(_aeabi_ldivmod.o)
                              ..\obj\time.o (__aeabi_ldivmod)
c:/program files (x86)/gnu tools arm embedded/4.9 2015q3/bin/../lib/gcc/arm-none-eabi/4.9.3/armv7-m\libgcc.a(bpabi.o)
                              c:/program files (x86)/gnu tools arm embedded/4.9 2015q3/bin/../lib/gcc/arm-none-eabi/4.9.3/armv7-m\libgcc.a(_aeabi_ldivmod.o) (__gnu_ldivmod_helper)
c:/program files (x86)/gnu tools arm embedded/4.9 2015q3/bin/../lib/gcc/arm-none-eabi/4.9.3/armv7-m\libgcc.a(_dvmd_tls.o)
                              c:/program files (x86)/gnu tools arm embedded/4.9 2015q3/bin/../lib/gcc/arm-none-eabi/4.9.3/armv7-m\libgcc.a(_aeabi_ldivmod.o) (__aeabi_ldiv0)
c:/program files (x86)/gnu tools arm embedded/4.9 2015q3/bin/../lib/gcc/arm-none-eabi/4.9.3/armv7-m\libgcc.a(_divdi3.o)
                              c:/program files (x86)/gnu tools arm embedded/4.9 2015q3/bin/../lib/gcc/arm-none-eabi/4.9.3/armv7-m\libgcc.a(bpabi.o) (__divdi3)
c:/program files (x86)/gnu tools arm embedded/4.9 2015q3/bin/../lib/gcc/arm-none-eabi/4.9.3/armv7-m\libgcc.a(_udivdi3.o)
                              c:/program files (x86)/gnu tools arm embedded/4.9 2015q3/bin/../lib/gcc/arm-none-eabi/4.9.3/armv7-m\libgcc.a(bpabi.o) (__udivdi3)
c:/program files (x86)/gnu tools arm embedded/4.9 2015q3/bin/../lib/gcc/arm-none-eabi/4.9.3/../../../../arm-none-eabi/lib/armv7-m\libg.a(lib_a-exit.o)
                              c:/program files (x86)/gnu tools arm embedded/4.9 2015q3/bin/../lib/gcc/arm-none-eabi/4.9.3/../../../../arm-none-eabi/lib/armv7-m/crt0.o (exit)
c:/program files (x86)/gnu tools arm embedded/4.9 2015q3/bin/../lib/gcc/arm-none-eabi/4.9.3/../../../../arm-none-eabi/lib/armv7-m\libg.a(lib_a-impure.o)
                              c:/program files (x86)/gnu tools arm embedded/4.9 2015q3/bin/../lib/gcc/arm-none-eabi/4.9.3/../../../../arm-none-eabi/lib/armv7-m\libg.a(lib_a-exit.o) (_global_impure_ptr)
c:/program files (x86)/gnu tools arm embedded/4.9 2015q3/bin/../lib/gcc/arm-none-eabi/4.9.3/../../../../arm-none-eabi/lib/armv7-m\libg.a(lib_a-init.o)
                              c:/program files (x86)/gnu tools arm embedded/4.9 2015q3/bin/../lib/gcc/arm-none-eabi/4.9.3/../../../../arm-none-eabi/lib/armv7-m/crt0.o (__libc_init_array)
c:/program files (x86)/gnu tools arm embedded/4.9 2015q3/bin/../lib/gcc/arm-none-eabi/4.9.3/../../../../arm-none-eabi/lib/armv7-m\libg.a(lib_a-memset.o)
                              c:/program files (x86)/gnu tools arm embedded/4.9 2015q3/bin/../lib/gcc/arm-none-eabi/4.9.3/../../../../arm-none-eabi/lib/armv7-m/crt0.o (memset)
c:/program files (x86)/gnu tools arm embedded/4.9 2015q3/bin/../lib/gcc/arm-none-eabi/4.9.3/../../../../arm-none-eabi/lib/armv7-m\libg.a(lib_a-__call_atexit.o)
                              c:/program files (x86)/gnu tools arm embedded/4.9 2015q3/bin/../lib/gcc/arm-none-eabi/4.9.3/../../../../arm-none-eabi/lib/armv7-m\libg.a(lib_a-exit.o) (__call_exitprocs)
c:/program files (x86)/gnu tools arm embedded/4.9 2015q3/bin/../lib/gcc/arm-none-eabi/4.9.3/../../../../arm-none-eabi/lib/armv7-m\libg.a(lib_a-atexit.o)
                              c:/program files (x86)/gnu tools arm embedded/4.9 2015q3/bin/../lib/gcc/arm-none-eabi/4.9.3/../../../../arm-none-eabi/lib/armv7-m\libg.a(lib_a-__call_atexit.o) (atexit)
c:/program files (x86)/gnu tools arm embedded/4.9 2015q3/bin/../lib/gcc/arm-none-eabi/4.9.3/../../../../arm-none-eabi/lib/armv7-m\libg.a(lib_a-fini.o)
                              c:/program files (x86)/gnu tools arm embedded/4.9 2015q3/bin/../lib/gcc/arm-none-eabi/4.9.3/../../../../arm-none-eabi/lib/armv7-m\libg.a(lib_a-__call_atexit.o) (__libc_fini_array)
c:/program files (x86)/gnu tools arm embedded/4.9 2015q3/bin/../lib/gcc/arm-none-eabi/4.9.3/../../../../arm-none-eabi/lib/armv7-m\libg.a(lib_a-__atexit.o)
                              c:/program files (x86)/gnu tools arm embedded/4.9 2015q3/bin/../lib/gcc/arm-none-eabi/4.9.3/../../../../arm-none-eabi/lib/armv7-m\libg.a(lib_a-atexit.o) (__register_exitproc)

Allocating common symbols
Common symbol       size              file

SparkCount          0x4               ..\obj\run.o
RepeatTime          0x4               ..\obj\ch_lcd.o
ErrorTxt            0x4               ..\obj\run.o
NoSparkCount        0x4               ..\obj\run.o
ADCInput            0x4               ..\obj\adc.o
ADCCur              0x4               ..\obj\adc.o
prespark            0x4               ..\obj\main.o
IgnCount            0x4               ..\obj\run.o
LineSize            0x4               ..\obj\ch_lcd.o
NoCurrentCount      0x4               ..\obj\run.o
GPIO_InitStructure  0x4               ..\obj\adc.o
ErrorTxtBuf         0x400             ..\obj\run.o
CurStr              0x4               ..\obj\ch_lcd.o
ADCOut              0x4               ..\obj\adc.o
CurX                0x4               ..\obj\ch_lcd.o
KeyTime             0x4               ..\obj\ch_lcd.o
Key                 0x4               ..\obj\ch_lcd.o

Discarded input sections

 .text          0x00000000        0x0 c:/program files (x86)/gnu tools arm embedded/4.9 2015q3/bin/../lib/gcc/arm-none-eabi/4.9.3/armv7-m/crti.o
 .data          0x00000000        0x0 c:/program files (x86)/gnu tools arm embedded/4.9 2015q3/bin/../lib/gcc/arm-none-eabi/4.9.3/armv7-m/crti.o
 .bss           0x00000000        0x0 c:/program files (x86)/gnu tools arm embedded/4.9 2015q3/bin/../lib/gcc/arm-none-eabi/4.9.3/armv7-m/crti.o
 .data          0x00000000        0x4 c:/program files (x86)/gnu tools arm embedded/4.9 2015q3/bin/../lib/gcc/arm-none-eabi/4.9.3/armv7-m/crtbegin.o
 .text          0x00000000       0x74 c:/program files (x86)/gnu tools arm embedded/4.9 2015q3/bin/../lib/gcc/arm-none-eabi/4.9.3/../../../../arm-none-eabi/lib/armv7-m/crt0.o
 .data          0x00000000        0x0 c:/program files (x86)/gnu tools arm embedded/4.9 2015q3/bin/../lib/gcc/arm-none-eabi/4.9.3/../../../../arm-none-eabi/lib/armv7-m/crt0.o
 .bss           0x00000000        0x0 c:/program files (x86)/gnu tools arm embedded/4.9 2015q3/bin/../lib/gcc/arm-none-eabi/4.9.3/../../../../arm-none-eabi/lib/armv7-m/crt0.o
 .ARM.extab     0x00000000        0x0 c:/program files (x86)/gnu tools arm embedded/4.9 2015q3/bin/../lib/gcc/arm-none-eabi/4.9.3/../../../../arm-none-eabi/lib/armv7-m/crt0.o
 .ARM.exidx     0x00000000        0x8 c:/program files (x86)/gnu tools arm embedded/4.9 2015q3/bin/../lib/gcc/arm-none-eabi/4.9.3/../../../../arm-none-eabi/lib/armv7-m/crt0.o
 .ARM.attributes
                0x00000000       0x1b c:/program files (x86)/gnu tools arm embedded/4.9 2015q3/bin/../lib/gcc/arm-none-eabi/4.9.3/../../../../arm-none-eabi/lib/armv7-m/crt0.o
 .text          0x00000000        0x0 ..\obj\stm32f10x_rtc.o
 .data          0x00000000        0x0 ..\obj\stm32f10x_rtc.o
 .bss           0x00000000        0x0 ..\obj\stm32f10x_rtc.o
 .text.RTC_ITConfig
                0x00000000       0x4c ..\obj\stm32f10x_rtc.o
 .text.RTC_EnterConfigMode
                0x00000000       0x20 ..\obj\stm32f10x_rtc.o
 .text.RTC_ExitConfigMode
                0x00000000       0x20 ..\obj\stm32f10x_rtc.o
 .text.RTC_GetCounter
                0x00000000       0x2c ..\obj\stm32f10x_rtc.o
 .text.RTC_SetCounter
                0x00000000       0x2c ..\obj\stm32f10x_rtc.o
 .text.RTC_SetPrescaler
                0x00000000       0x30 ..\obj\stm32f10x_rtc.o
 .text.RTC_SetAlarm
                0x00000000       0x2c ..\obj\stm32f10x_rtc.o
 .text.RTC_GetDivider
                0x00000000       0x38 ..\obj\stm32f10x_rtc.o
 .text.RTC_WaitForLastTask
                0x00000000       0x20 ..\obj\stm32f10x_rtc.o
 .text.RTC_WaitForSynchro
                0x00000000       0x30 ..\obj\stm32f10x_rtc.o
 .text.RTC_GetFlagStatus
                0x00000000       0x3c ..\obj\stm32f10x_rtc.o
 .text.RTC_ClearFlag
                0x00000000       0x2c ..\obj\stm32f10x_rtc.o
 .text.RTC_GetITStatus
                0x00000000       0x50 ..\obj\stm32f10x_rtc.o
 .text.RTC_ClearITPendingBit
                0x00000000       0x2c ..\obj\stm32f10x_rtc.o
 .debug_info    0x00000000      0x434 ..\obj\stm32f10x_rtc.o
 .debug_abbrev  0x00000000      0x18d ..\obj\stm32f10x_rtc.o
 .debug_aranges
                0x00000000       0x88 ..\obj\stm32f10x_rtc.o
 .debug_ranges  0x00000000       0x78 ..\obj\stm32f10x_rtc.o
 .debug_line    0x00000000      0x2db ..\obj\stm32f10x_rtc.o
 .debug_str     0x00000000      0x3ae ..\obj\stm32f10x_rtc.o
 .comment       0x00000000       0x71 ..\obj\stm32f10x_rtc.o
 .debug_frame   0x00000000      0x214 ..\obj\stm32f10x_rtc.o
 .ARM.attributes
                0x00000000       0x33 ..\obj\stm32f10x_rtc.o
 .text          0x00000000        0x0 ..\obj\spi.o
 .data          0x00000000        0x0 ..\obj\spi.o
 .bss           0x00000000        0x0 ..\obj\spi.o
 .text          0x00000000        0x0 ..\obj\stm32f10x_tim.o
 .data          0x00000000        0x0 ..\obj\stm32f10x_tim.o
 .bss           0x00000000        0x0 ..\obj\stm32f10x_tim.o
 .text.TIM_DeInit
                0x00000000      0x22c ..\obj\stm32f10x_tim.o
 .text.TIM_OC1Init
                0x00000000      0x118 ..\obj\stm32f10x_tim.o
 .text.TIM_OC2Init
                0x00000000      0x110 ..\obj\stm32f10x_tim.o
 .text.TIM_OC3Init
                0x00000000      0x10c ..\obj\stm32f10x_tim.o
 .text.TIM_OC4Init
                0x00000000       0xd0 ..\obj\stm32f10x_tim.o
 .text.TIM_ICInit
                0x00000000       0xa8 ..\obj\stm32f10x_tim.o
 .text.TIM_PWMIConfig
                0x00000000       0xb8 ..\obj\stm32f10x_tim.o
 .text.TIM_BDTRConfig
                0x00000000       0x50 ..\obj\stm32f10x_tim.o
 .text.TIM_TimeBaseStructInit
                0x00000000       0x34 ..\obj\stm32f10x_tim.o
 .text.TIM_OCStructInit
                0x00000000       0x44 ..\obj\stm32f10x_tim.o
 .text.TIM_ICStructInit
                0x00000000       0x30 ..\obj\stm32f10x_tim.o
 .text.TIM_BDTRStructInit
                0x00000000       0x3c ..\obj\stm32f10x_tim.o
 .text.TIM_CtrlPWMOutputs
                0x00000000       0x4c ..\obj\stm32f10x_tim.o
 .text.TIM_ITConfig
                0x00000000       0x48 ..\obj\stm32f10x_tim.o
 .text.TIM_GenerateEvent
                0x00000000       0x1c ..\obj\stm32f10x_tim.o
 .text.TIM_DMAConfig
                0x00000000       0x28 ..\obj\stm32f10x_tim.o
 .text.TIM_DMACmd
                0x00000000       0x48 ..\obj\stm32f10x_tim.o
 .text.TIM_InternalClockConfig
                0x00000000       0x24 ..\obj\stm32f10x_tim.o
 .text.TIM_ITRxExternalClockConfig
                0x00000000       0x2c ..\obj\stm32f10x_tim.o
 .text.TIM_TIxExternalClockConfig
                0x00000000       0x60 ..\obj\stm32f10x_tim.o
 .text.TIM_ETRClockMode1Config
                0x00000000       0x5c ..\obj\stm32f10x_tim.o
 .text.TIM_ETRClockMode2Config
                0x00000000       0x3c ..\obj\stm32f10x_tim.o
 .text.TIM_ETRConfig
                0x00000000       0x54 ..\obj\stm32f10x_tim.o
 .text.TIM_PrescalerConfig
                0x00000000       0x28 ..\obj\stm32f10x_tim.o
 .text.TIM_CounterModeConfig
                0x00000000       0x38 ..\obj\stm32f10x_tim.o
 .text.TIM_SelectInputTrigger
                0x00000000       0x38 ..\obj\stm32f10x_tim.o
 .text.TIM_EncoderInterfaceConfig
                0x00000000       0x98 ..\obj\stm32f10x_tim.o
 .text.TIM_ForcedOC1Config
                0x00000000       0x38 ..\obj\stm32f10x_tim.o
 .text.TIM_ForcedOC2Config
                0x00000000       0x3c ..\obj\stm32f10x_tim.o
 .text.TIM_ForcedOC3Config
                0x00000000       0x38 ..\obj\stm32f10x_tim.o
 .text.TIM_ForcedOC4Config
                0x00000000       0x3c ..\obj\stm32f10x_tim.o
 .text.TIM_ARRPreloadConfig
                0x00000000       0x40 ..\obj\stm32f10x_tim.o
 .text.TIM_SelectCOM
                0x00000000       0x40 ..\obj\stm32f10x_tim.o
 .text.TIM_SelectCCDMA
                0x00000000       0x40 ..\obj\stm32f10x_tim.o
 .text.TIM_CCPreloadControl
                0x00000000       0x40 ..\obj\stm32f10x_tim.o
 .text.TIM_OC1PreloadConfig
                0x00000000       0x38 ..\obj\stm32f10x_tim.o
 .text.TIM_OC2PreloadConfig
                0x00000000       0x3c ..\obj\stm32f10x_tim.o
 .text.TIM_OC3PreloadConfig
                0x00000000       0x38 ..\obj\stm32f10x_tim.o
 .text.TIM_OC4PreloadConfig
                0x00000000       0x3c ..\obj\stm32f10x_tim.o
 .text.TIM_OC1FastConfig
                0x00000000       0x38 ..\obj\stm32f10x_tim.o
 .text.TIM_OC2FastConfig
                0x00000000       0x3c ..\obj\stm32f10x_tim.o
 .text.TIM_OC3FastConfig
                0x00000000       0x38 ..\obj\stm32f10x_tim.o
 .text.TIM_OC4FastConfig
                0x00000000       0x3c ..\obj\stm32f10x_tim.o
 .text.TIM_ClearOC1Ref
                0x00000000       0x38 ..\obj\stm32f10x_tim.o
 .text.TIM_ClearOC2Ref
                0x00000000       0x3c ..\obj\stm32f10x_tim.o
 .text.TIM_ClearOC3Ref
                0x00000000       0x38 ..\obj\stm32f10x_tim.o
 .text.TIM_ClearOC4Ref
                0x00000000       0x3c ..\obj\stm32f10x_tim.o
 .text.TIM_OC1PolarityConfig
                0x00000000       0x38 ..\obj\stm32f10x_tim.o
 .text.TIM_OC1NPolarityConfig
                0x00000000       0x38 ..\obj\stm32f10x_tim.o
 .text.TIM_OC2PolarityConfig
                0x00000000       0x3c ..\obj\stm32f10x_tim.o
 .text.TIM_OC2NPolarityConfig
                0x00000000       0x3c ..\obj\stm32f10x_tim.o
 .text.TIM_OC3PolarityConfig
                0x00000000       0x3c ..\obj\stm32f10x_tim.o
 .text.TIM_OC3NPolarityConfig
                0x00000000       0x3c ..\obj\stm32f10x_tim.o
 .text.TIM_OC4PolarityConfig
                0x00000000       0x3c ..\obj\stm32f10x_tim.o
 .text.TIM_CCxCmd
                0x00000000       0x54 ..\obj\stm32f10x_tim.o
 .text.TIM_CCxNCmd
                0x00000000       0x54 ..\obj\stm32f10x_tim.o
 .text.TIM_SelectOCxM
                0x00000000       0xac ..\obj\stm32f10x_tim.o
 .text.TIM_UpdateDisableConfig
                0x00000000       0x40 ..\obj\stm32f10x_tim.o
 .text.TIM_UpdateRequestConfig
                0x00000000       0x40 ..\obj\stm32f10x_tim.o
 .text.TIM_SelectHallSensor
                0x00000000       0x40 ..\obj\stm32f10x_tim.o
 .text.TIM_SelectOnePulseMode
                0x00000000       0x38 ..\obj\stm32f10x_tim.o
 .text.TIM_SelectOutputTrigger
                0x00000000       0x38 ..\obj\stm32f10x_tim.o
 .text.TIM_SelectSlaveMode
                0x00000000       0x38 ..\obj\stm32f10x_tim.o
 .text.TIM_SelectMasterSlaveMode
                0x00000000       0x38 ..\obj\stm32f10x_tim.o
 .text.TIM_SetAutoreload
                0x00000000       0x1c ..\obj\stm32f10x_tim.o
 .text.TIM_SetCompare1
                0x00000000       0x1c ..\obj\stm32f10x_tim.o
 .text.TIM_SetCompare2
                0x00000000       0x1c ..\obj\stm32f10x_tim.o
 .text.TIM_SetCompare3
                0x00000000       0x1c ..\obj\stm32f10x_tim.o
 .text.TIM_SetCompare4
                0x00000000       0x20 ..\obj\stm32f10x_tim.o
 .text.TIM_SetIC1Prescaler
                0x00000000       0x38 ..\obj\stm32f10x_tim.o
 .text.TIM_SetIC2Prescaler
                0x00000000       0x3c ..\obj\stm32f10x_tim.o
 .text.TIM_SetIC3Prescaler
                0x00000000       0x38 ..\obj\stm32f10x_tim.o
 .text.TIM_SetIC4Prescaler
                0x00000000       0x3c ..\obj\stm32f10x_tim.o
 .text.TIM_SetClockDivision
                0x00000000       0x38 ..\obj\stm32f10x_tim.o
 .text.TIM_GetCapture1
                0x00000000       0x1c ..\obj\stm32f10x_tim.o
 .text.TIM_GetCapture2
                0x00000000       0x1c ..\obj\stm32f10x_tim.o
 .text.TIM_GetCapture3
                0x00000000       0x1c ..\obj\stm32f10x_tim.o
 .text.TIM_GetCapture4
                0x00000000       0x1c ..\obj\stm32f10x_tim.o
 .text.TIM_GetPrescaler
                0x00000000       0x1c ..\obj\stm32f10x_tim.o
 .text.TIM_GetFlagStatus
                0x00000000       0x38 ..\obj\stm32f10x_tim.o
 .text.TIM_ClearFlag
                0x00000000       0x20 ..\obj\stm32f10x_tim.o
 .text.TIM_GetITStatus
                0x00000000       0x54 ..\obj\stm32f10x_tim.o
 .text.TIM_ClearITPendingBit
                0x00000000       0x20 ..\obj\stm32f10x_tim.o
 .text.TI1_Config
                0x00000000       0xe0 ..\obj\stm32f10x_tim.o
 .text.TI2_Config
                0x00000000       0xf4 ..\obj\stm32f10x_tim.o
 .text.TI3_Config
                0x00000000       0xec ..\obj\stm32f10x_tim.o
 .text.TI4_Config
                0x00000000       0xf8 ..\obj\stm32f10x_tim.o
 .text          0x00000000        0x0 ..\obj\system_stm32f10x.o
 .data          0x00000000       0x14 ..\obj\system_stm32f10x.o
 .bss           0x00000000        0x0 ..\obj\system_stm32f10x.o
 .text.SystemCoreClockUpdate
                0x00000000       0xdc ..\obj\system_stm32f10x.o
 .text          0x00000000        0x0 ..\obj\startup_stm32f10x_hd.o
 .data          0x00000000        0x0 ..\obj\startup_stm32f10x_hd.o
 .bss           0x00000000        0x0 ..\obj\startup_stm32f10x_hd.o
 .text          0x00000000        0x0 ..\obj\common.o
 .data          0x00000000        0x0 ..\obj\common.o
 .text          0x00000000        0x0 ..\obj\stm_port.o
 .data          0x00000000        0x0 ..\obj\stm_port.o
 .bss           0x00000000        0x0 ..\obj\stm_port.o
 .text          0x00000000        0x0 ..\obj\stm32f10x_pwr.o
 .data          0x00000000        0x0 ..\obj\stm32f10x_pwr.o
 .bss           0x00000000        0x0 ..\obj\stm32f10x_pwr.o
 .text.PWR_DeInit
                0x00000000       0x1c ..\obj\stm32f10x_pwr.o
 .text.PWR_BackupAccessCmd
                0x00000000       0x20 ..\obj\stm32f10x_pwr.o
 .text.PWR_PVDCmd
                0x00000000       0x20 ..\obj\stm32f10x_pwr.o
 .text.PWR_PVDLevelConfig
                0x00000000       0x38 ..\obj\stm32f10x_pwr.o
 .text.PWR_WakeUpPinCmd
                0x00000000       0x20 ..\obj\stm32f10x_pwr.o
 .text.PWR_EnterSTOPMode
                0x00000000       0x64 ..\obj\stm32f10x_pwr.o
 .text.PWR_EnterSTANDBYMode
                0x00000000       0x3c ..\obj\stm32f10x_pwr.o
 .text.PWR_GetFlagStatus
                0x00000000       0x34 ..\obj\stm32f10x_pwr.o
 .text.PWR_ClearFlag
                0x00000000       0x24 ..\obj\stm32f10x_pwr.o
 .debug_info    0x00000000      0x482 ..\obj\stm32f10x_pwr.o
 .debug_abbrev  0x00000000      0x17f ..\obj\stm32f10x_pwr.o
 .debug_aranges
                0x00000000       0x60 ..\obj\stm32f10x_pwr.o
 .debug_ranges  0x00000000       0x50 ..\obj\stm32f10x_pwr.o
 .debug_line    0x00000000      0x28d ..\obj\stm32f10x_pwr.o
 .debug_str     0x00000000      0x32e ..\obj\stm32f10x_pwr.o
 .comment       0x00000000       0x71 ..\obj\stm32f10x_pwr.o
 .debug_frame   0x00000000      0x164 ..\obj\stm32f10x_pwr.o
 .ARM.attributes
                0x00000000       0x33 ..\obj\stm32f10x_pwr.o
 .text          0x00000000        0x0 ..\obj\stm32f10x_gpio.o
 .data          0x00000000        0x0 ..\obj\stm32f10x_gpio.o
 .bss           0x00000000        0x0 ..\obj\stm32f10x_gpio.o
 .text.GPIO_DeInit
                0x00000000       0xe4 ..\obj\stm32f10x_gpio.o
 .text.GPIO_AFIODeInit
                0x00000000       0x18 ..\obj\stm32f10x_gpio.o
 .text.GPIO_StructInit
                0x00000000       0x28 ..\obj\stm32f10x_gpio.o
 .text.GPIO_ReadInputData
                0x00000000       0x1c ..\obj\stm32f10x_gpio.o
 .text.GPIO_ReadOutputDataBit
                0x00000000       0x34 ..\obj\stm32f10x_gpio.o
 .text.GPIO_ReadOutputData
                0x00000000       0x1c ..\obj\stm32f10x_gpio.o
 .text.GPIO_WriteBit
                0x00000000       0x30 ..\obj\stm32f10x_gpio.o
 .text.GPIO_Write
                0x00000000       0x1c ..\obj\stm32f10x_gpio.o
 .text.GPIO_PinLockConfig
                0x00000000       0x44 ..\obj\stm32f10x_gpio.o
 .text.GPIO_EventOutputConfig
                0x00000000       0x4c ..\obj\stm32f10x_gpio.o
 .text.GPIO_EventOutputCmd
                0x00000000       0x20 ..\obj\stm32f10x_gpio.o
 .text.GPIO_PinRemapConfig
                0x00000000       0xe0 ..\obj\stm32f10x_gpio.o
 .text.GPIO_EXTILineConfig
                0x00000000       0x84 ..\obj\stm32f10x_gpio.o
 .text.GPIO_ETH_MediaInterfaceConfig
                0x00000000       0x1c ..\obj\stm32f10x_gpio.o
 .text          0x00000000        0x0 ..\obj\main.o
 .text.keyPressWait
                0x00000000       0x24 ..\obj\main.o
 .text.calibrateHRTimer
                0x00000000       0x38 ..\obj\main.o
 .text.checkDelay
                0x00000000       0x10 ..\obj\main.o
 .text.strlen   0x00000000       0x34 ..\obj\main.o
 .text          0x00000000        0x0 ..\obj\rel.o
 .data          0x00000000        0x0 ..\obj\rel.o
 .text          0x00000000        0x0 ..\obj\stm32f10x_rcc.o
 .bss           0x00000000        0x0 ..\obj\stm32f10x_rcc.o
 .text.RCC_DeInit
                0x00000000       0x5c ..\obj\stm32f10x_rcc.o
 .text.RCC_HSEConfig
                0x00000000       0x5c ..\obj\stm32f10x_rcc.o
 .text.RCC_WaitForHSEStartUp
                0x00000000       0x50 ..\obj\stm32f10x_rcc.o
 .text.RCC_AdjustHSICalibrationValue
                0x00000000       0x3c ..\obj\stm32f10x_rcc.o
 .text.RCC_HSICmd
                0x00000000       0x20 ..\obj\stm32f10x_rcc.o
 .text.RCC_PLLConfig
                0x00000000       0x3c ..\obj\stm32f10x_rcc.o
 .text.RCC_PLLCmd
                0x00000000       0x20 ..\obj\stm32f10x_rcc.o
 .text.RCC_SYSCLKConfig
                0x00000000       0x38 ..\obj\stm32f10x_rcc.o
 .text.RCC_GetSYSCLKSource
                0x00000000       0x20 ..\obj\stm32f10x_rcc.o
 .text.RCC_HCLKConfig
                0x00000000       0x38 ..\obj\stm32f10x_rcc.o
 .text.RCC_PCLK1Config
                0x00000000       0x38 ..\obj\stm32f10x_rcc.o
 .text.RCC_PCLK2Config
                0x00000000       0x38 ..\obj\stm32f10x_rcc.o
 .text.RCC_ITConfig
                0x00000000       0x4c ..\obj\stm32f10x_rcc.o
 .text.RCC_USBCLKConfig
                0x00000000       0x1c ..\obj\stm32f10x_rcc.o
 .text.RCC_LSEConfig
                0x00000000       0x40 ..\obj\stm32f10x_rcc.o
 .text.RCC_LSICmd
                0x00000000       0x20 ..\obj\stm32f10x_rcc.o
 .text.RCC_RTCCLKConfig
                0x00000000       0x24 ..\obj\stm32f10x_rcc.o
 .text.RCC_RTCCLKCmd
                0x00000000       0x20 ..\obj\stm32f10x_rcc.o
 .text.RCC_AHBPeriphClockCmd
                0x00000000       0x3c ..\obj\stm32f10x_rcc.o
 .text.RCC_APB1PeriphResetCmd
                0x00000000       0x3c ..\obj\stm32f10x_rcc.o
 .text.RCC_BackupResetCmd
                0x00000000       0x20 ..\obj\stm32f10x_rcc.o
 .text.RCC_ClockSecuritySystemCmd
                0x00000000       0x20 ..\obj\stm32f10x_rcc.o
 .text.RCC_MCOConfig
                0x00000000       0x20 ..\obj\stm32f10x_rcc.o
 .text.RCC_GetFlagStatus
                0x00000000       0x74 ..\obj\stm32f10x_rcc.o
 .text.RCC_ClearFlag
                0x00000000       0x1c ..\obj\stm32f10x_rcc.o
 .text.RCC_GetITStatus
                0x00000000       0x38 ..\obj\stm32f10x_rcc.o
 .text.RCC_ClearITPendingBit
                0x00000000       0x20 ..\obj\stm32f10x_rcc.o
 .text          0x00000000        0x0 ..\obj\stm32f10x_adc.o
 .data          0x00000000        0x0 ..\obj\stm32f10x_adc.o
 .bss           0x00000000        0x0 ..\obj\stm32f10x_adc.o
 .text.ADC_StructInit
                0x00000000       0x38 ..\obj\stm32f10x_adc.o
 .text.ADC_DMACmd
                0x00000000       0x38 ..\obj\stm32f10x_adc.o
 .text.ADC_ITConfig
                0x00000000       0x44 ..\obj\stm32f10x_adc.o
 .text.ADC_GetSoftwareStartConvStatus
                0x00000000       0x30 ..\obj\stm32f10x_adc.o
 .text.ADC_DiscModeChannelCountConfig
                0x00000000       0x44 ..\obj\stm32f10x_adc.o
 .text.ADC_DiscModeCmd
                0x00000000       0x38 ..\obj\stm32f10x_adc.o
 .text.ADC_ExternalTrigConvCmd
                0x00000000       0x38 ..\obj\stm32f10x_adc.o
 .text.ADC_GetDualModeConversionValue
                0x00000000       0x18 ..\obj\stm32f10x_adc.o
 .text.ADC_AutoInjectedConvCmd
                0x00000000       0x38 ..\obj\stm32f10x_adc.o
 .text.ADC_InjectedDiscModeCmd
                0x00000000       0x38 ..\obj\stm32f10x_adc.o
 .text.ADC_ExternalTrigInjectedConvConfig
                0x00000000       0x34 ..\obj\stm32f10x_adc.o
 .text.ADC_ExternalTrigInjectedConvCmd
                0x00000000       0x38 ..\obj\stm32f10x_adc.o
 .text.ADC_SoftwareStartInjectedConvCmd
                0x00000000       0x38 ..\obj\stm32f10x_adc.o
 .text.ADC_GetSoftwareStartInjectedConvCmdStatus
                0x00000000       0x30 ..\obj\stm32f10x_adc.o
 .text.ADC_InjectedChannelConfig
                0x00000000      0x120 ..\obj\stm32f10x_adc.o
 .text.ADC_InjectedSequencerLengthConfig
                0x00000000       0x44 ..\obj\stm32f10x_adc.o
 .text.ADC_SetInjectedOffset
                0x00000000       0x34 ..\obj\stm32f10x_adc.o
 .text.ADC_GetInjectedConversionValue
                0x00000000       0x30 ..\obj\stm32f10x_adc.o
 .text.ADC_AnalogWatchdogCmd
                0x00000000       0x38 ..\obj\stm32f10x_adc.o
 .text.ADC_AnalogWatchdogThresholdsConfig
                0x00000000       0x28 ..\obj\stm32f10x_adc.o
 .text.ADC_AnalogWatchdogSingleChannelConfig
                0x00000000       0x38 ..\obj\stm32f10x_adc.o
 .text.ADC_TempSensorVrefintCmd
                0x00000000       0x38 ..\obj\stm32f10x_adc.o
 .text.ADC_ClearFlag
                0x00000000       0x20 ..\obj\stm32f10x_adc.o
 .text.ADC_GetITStatus
                0x00000000       0x58 ..\obj\stm32f10x_adc.o
 .text.ADC_ClearITPendingBit
                0x00000000       0x2c ..\obj\stm32f10x_adc.o
 .text          0x00000000        0x0 ..\obj\time.o
 .data          0x00000000        0x0 ..\obj\time.o
 .bss           0x00000000        0x0 ..\obj\time.o
 .text          0x00000000        0x0 ..\obj\syscalls.o
 .data          0x00000000        0x0 ..\obj\syscalls.o
 .bss           0x00000000        0x4 ..\obj\syscalls.o
 .text._sbrk    0x00000000       0x40 ..\obj\syscalls.o
 .text.link     0x00000000       0x1c ..\obj\syscalls.o
 .text._close   0x00000000       0x18 ..\obj\syscalls.o
 .text._fstat   0x00000000       0x20 ..\obj\syscalls.o
 .text._isatty  0x00000000       0x18 ..\obj\syscalls.o
 .text._lseek   0x00000000       0x1c ..\obj\syscalls.o
 .text._read    0x00000000       0x1c ..\obj\syscalls.o
 .text._write   0x00000000       0x1c ..\obj\syscalls.o
 .text.abort    0x00000000        0x8 ..\obj\syscalls.o
 .debug_info    0x00000000      0x415 ..\obj\syscalls.o
 .debug_abbrev  0x00000000       0xfa ..\obj\syscalls.o
 .debug_aranges
                0x00000000       0x60 ..\obj\syscalls.o
 .debug_ranges  0x00000000       0x50 ..\obj\syscalls.o
 .debug_line    0x00000000      0x22e ..\obj\syscalls.o
 .debug_str     0x00000000      0x2f3 ..\obj\syscalls.o
 .comment       0x00000000       0x71 ..\obj\syscalls.o
 .debug_frame   0x00000000      0x168 ..\obj\syscalls.o
 .ARM.attributes
                0x00000000       0x33 ..\obj\syscalls.o
 .text          0x00000000        0x0 ..\obj\adc.o
 .data          0x00000000        0x0 ..\obj\adc.o
 .bss           0x00000000        0x4 ..\obj\adc.o
 .text          0x00000000        0x0 ..\obj\ch_lcd.o
 .data          0x00000000        0x0 ..\obj\ch_lcd.o
 .text.makeHello
                0x00000000       0x14 ..\obj\ch_lcd.o
 .text.makeAsk  0x00000000       0x54 ..\obj\ch_lcd.o
 .text.LCDSymboxl
                0x00000000       0x74 ..\obj\ch_lcd.o
 .text.MoveToNoWait
                0x00000000       0x68 ..\obj\ch_lcd.o
 .text.ClearToTheEndOfLine
                0x00000000       0x30 ..\obj\ch_lcd.o
 .text.PutLCDChar
                0x00000000       0x44 ..\obj\ch_lcd.o
 .text.LCDPrintUInt
                0x00000000       0x8c ..\obj\ch_lcd.o
 .text          0x00000000        0x0 ..\obj\run.o
 .bss           0x00000000        0x0 ..\obj\run.o
 .text.checkPrecharge
                0x00000000       0x10 ..\obj\run.o
 .text.run_test_pins
                0x00000000       0x30 ..\obj\run.o
 .text.testBooster
                0x00000000       0x34 ..\obj\run.o
 .text          0x00000000        0x0 ..\obj\stm32f10x_spi.o
 .data          0x00000000        0x0 ..\obj\stm32f10x_spi.o
 .bss           0x00000000        0x0 ..\obj\stm32f10x_spi.o
 .text.SPI_I2S_DeInit
                0x00000000       0x74 ..\obj\stm32f10x_spi.o
 .text.SPI_Init
                0x00000000       0x88 ..\obj\stm32f10x_spi.o
 .text.I2S_Init
                0x00000000      0x164 ..\obj\stm32f10x_spi.o
 .text.SPI_StructInit
                0x00000000       0x48 ..\obj\stm32f10x_spi.o
 .text.I2S_StructInit
                0x00000000       0x38 ..\obj\stm32f10x_spi.o
 .text.SPI_Cmd  0x00000000       0x40 ..\obj\stm32f10x_spi.o
 .text.I2S_Cmd  0x00000000       0x40 ..\obj\stm32f10x_spi.o
 .text.SPI_I2S_ITConfig
                0x00000000       0x60 ..\obj\stm32f10x_spi.o
 .text.SPI_I2S_DMACmd
                0x00000000       0x48 ..\obj\stm32f10x_spi.o
 .text.SPI_I2S_SendData
                0x00000000       0x1c ..\obj\stm32f10x_spi.o
 .text.SPI_I2S_ReceiveData
                0x00000000       0x1c ..\obj\stm32f10x_spi.o
 .text.SPI_NSSInternalSoftwareConfig
                0x00000000       0x44 ..\obj\stm32f10x_spi.o
 .text.SPI_SSOutputCmd
                0x00000000       0x40 ..\obj\stm32f10x_spi.o
 .text.SPI_DataSizeConfig
                0x00000000       0x38 ..\obj\stm32f10x_spi.o
 .text.SPI_TransmitCRC
                0x00000000       0x24 ..\obj\stm32f10x_spi.o
 .text.SPI_CalculateCRC
                0x00000000       0x40 ..\obj\stm32f10x_spi.o
 .text.SPI_GetCRC
                0x00000000       0x34 ..\obj\stm32f10x_spi.o
 .text.SPI_GetCRCPolynomial
                0x00000000       0x1c ..\obj\stm32f10x_spi.o
 .text.SPI_BiDirectionalLineConfig
                0x00000000       0x40 ..\obj\stm32f10x_spi.o
 .text.SPI_I2S_GetFlagStatus
                0x00000000       0x38 ..\obj\stm32f10x_spi.o
 .text.SPI_I2S_ClearFlag
                0x00000000       0x20 ..\obj\stm32f10x_spi.o
 .text.SPI_I2S_GetITStatus
                0x00000000       0x78 ..\obj\stm32f10x_spi.o
 .text.SPI_I2S_ClearITPendingBit
                0x00000000       0x34 ..\obj\stm32f10x_spi.o
 .debug_info    0x00000000      0x8f3 ..\obj\stm32f10x_spi.o
 .debug_abbrev  0x00000000      0x17e ..\obj\stm32f10x_spi.o
 .debug_aranges
                0x00000000       0xd0 ..\obj\stm32f10x_spi.o
 .debug_ranges  0x00000000       0xc0 ..\obj\stm32f10x_spi.o
 .debug_line    0x00000000      0x42f ..\obj\stm32f10x_spi.o
 .debug_str     0x00000000      0x609 ..\obj\stm32f10x_spi.o
 .comment       0x00000000       0x71 ..\obj\stm32f10x_spi.o
 .debug_frame   0x00000000      0x3a0 ..\obj\stm32f10x_spi.o
 .ARM.attributes
                0x00000000       0x33 ..\obj\stm32f10x_spi.o
 .data          0x00000000        0x0 c:/program files (x86)/gnu tools arm embedded/4.9 2015q3/bin/../lib/gcc/arm-none-eabi/4.9.3/armv7-m\libgcc.a(_arm_addsubdf3.o)
 .bss           0x00000000        0x0 c:/program files (x86)/gnu tools arm embedded/4.9 2015q3/bin/../lib/gcc/arm-none-eabi/4.9.3/armv7-m\libgcc.a(_arm_addsubdf3.o)
 .data          0x00000000        0x0 c:/program files (x86)/gnu tools arm embedded/4.9 2015q3/bin/../lib/gcc/arm-none-eabi/4.9.3/armv7-m\libgcc.a(_arm_muldivdf3.o)
 .bss           0x00000000        0x0 c:/program files (x86)/gnu tools arm embedded/4.9 2015q3/bin/../lib/gcc/arm-none-eabi/4.9.3/armv7-m\libgcc.a(_arm_muldivdf3.o)
 .data          0x00000000        0x0 c:/program files (x86)/gnu tools arm embedded/4.9 2015q3/bin/../lib/gcc/arm-none-eabi/4.9.3/armv7-m\libgcc.a(_arm_cmpdf2.o)
 .bss           0x00000000        0x0 c:/program files (x86)/gnu tools arm embedded/4.9 2015q3/bin/../lib/gcc/arm-none-eabi/4.9.3/armv7-m\libgcc.a(_arm_cmpdf2.o)
 .data          0x00000000        0x0 c:/program files (x86)/gnu tools arm embedded/4.9 2015q3/bin/../lib/gcc/arm-none-eabi/4.9.3/armv7-m\libgcc.a(_arm_truncdfsf2.o)
 .bss           0x00000000        0x0 c:/program files (x86)/gnu tools arm embedded/4.9 2015q3/bin/../lib/gcc/arm-none-eabi/4.9.3/armv7-m\libgcc.a(_arm_truncdfsf2.o)
 .data          0x00000000        0x0 c:/program files (x86)/gnu tools arm embedded/4.9 2015q3/bin/../lib/gcc/arm-none-eabi/4.9.3/armv7-m\libgcc.a(_arm_muldivsf3.o)
 .bss           0x00000000        0x0 c:/program files (x86)/gnu tools arm embedded/4.9 2015q3/bin/../lib/gcc/arm-none-eabi/4.9.3/armv7-m\libgcc.a(_arm_muldivsf3.o)
 .data          0x00000000        0x0 c:/program files (x86)/gnu tools arm embedded/4.9 2015q3/bin/../lib/gcc/arm-none-eabi/4.9.3/armv7-m\libgcc.a(_arm_fixsfsi.o)
 .bss           0x00000000        0x0 c:/program files (x86)/gnu tools arm embedded/4.9 2015q3/bin/../lib/gcc/arm-none-eabi/4.9.3/armv7-m\libgcc.a(_arm_fixsfsi.o)
 .data          0x00000000        0x0 c:/program files (x86)/gnu tools arm embedded/4.9 2015q3/bin/../lib/gcc/arm-none-eabi/4.9.3/armv7-m\libgcc.a(_aeabi_ldivmod.o)
 .bss           0x00000000        0x0 c:/program files (x86)/gnu tools arm embedded/4.9 2015q3/bin/../lib/gcc/arm-none-eabi/4.9.3/armv7-m\libgcc.a(_aeabi_ldivmod.o)
 .data          0x00000000        0x0 c:/program files (x86)/gnu tools arm embedded/4.9 2015q3/bin/../lib/gcc/arm-none-eabi/4.9.3/armv7-m\libgcc.a(bpabi.o)
 .bss           0x00000000        0x0 c:/program files (x86)/gnu tools arm embedded/4.9 2015q3/bin/../lib/gcc/arm-none-eabi/4.9.3/armv7-m\libgcc.a(bpabi.o)
 .data          0x00000000        0x0 c:/program files (x86)/gnu tools arm embedded/4.9 2015q3/bin/../lib/gcc/arm-none-eabi/4.9.3/armv7-m\libgcc.a(_dvmd_tls.o)
 .bss           0x00000000        0x0 c:/program files (x86)/gnu tools arm embedded/4.9 2015q3/bin/../lib/gcc/arm-none-eabi/4.9.3/armv7-m\libgcc.a(_dvmd_tls.o)
 .data          0x00000000        0x0 c:/program files (x86)/gnu tools arm embedded/4.9 2015q3/bin/../lib/gcc/arm-none-eabi/4.9.3/armv7-m\libgcc.a(_divdi3.o)
 .bss           0x00000000        0x0 c:/program files (x86)/gnu tools arm embedded/4.9 2015q3/bin/../lib/gcc/arm-none-eabi/4.9.3/armv7-m\libgcc.a(_divdi3.o)
 .ARM.extab     0x00000000        0x0 c:/program files (x86)/gnu tools arm embedded/4.9 2015q3/bin/../lib/gcc/arm-none-eabi/4.9.3/armv7-m\libgcc.a(_divdi3.o)
 .data          0x00000000        0x0 c:/program files (x86)/gnu tools arm embedded/4.9 2015q3/bin/../lib/gcc/arm-none-eabi/4.9.3/armv7-m\libgcc.a(_udivdi3.o)
 .bss           0x00000000        0x0 c:/program files (x86)/gnu tools arm embedded/4.9 2015q3/bin/../lib/gcc/arm-none-eabi/4.9.3/armv7-m\libgcc.a(_udivdi3.o)
 .ARM.extab     0x00000000        0x0 c:/program files (x86)/gnu tools arm embedded/4.9 2015q3/bin/../lib/gcc/arm-none-eabi/4.9.3/armv7-m\libgcc.a(_udivdi3.o)
 .text          0x00000000        0x0 c:/program files (x86)/gnu tools arm embedded/4.9 2015q3/bin/../lib/gcc/arm-none-eabi/4.9.3/../../../../arm-none-eabi/lib/armv7-m\libg.a(lib_a-exit.o)
 .data          0x00000000        0x0 c:/program files (x86)/gnu tools arm embedded/4.9 2015q3/bin/../lib/gcc/arm-none-eabi/4.9.3/../../../../arm-none-eabi/lib/armv7-m\libg.a(lib_a-exit.o)
 .bss           0x00000000        0x0 c:/program files (x86)/gnu tools arm embedded/4.9 2015q3/bin/../lib/gcc/arm-none-eabi/4.9.3/../../../../arm-none-eabi/lib/armv7-m\libg.a(lib_a-exit.o)
 .text.exit     0x00000000       0x20 c:/program files (x86)/gnu tools arm embedded/4.9 2015q3/bin/../lib/gcc/arm-none-eabi/4.9.3/../../../../arm-none-eabi/lib/armv7-m\libg.a(lib_a-exit.o)
 .debug_frame   0x00000000       0x28 c:/program files (x86)/gnu tools arm embedded/4.9 2015q3/bin/../lib/gcc/arm-none-eabi/4.9.3/../../../../arm-none-eabi/lib/armv7-m\libg.a(lib_a-exit.o)
 .ARM.attributes
                0x00000000       0x2d c:/program files (x86)/gnu tools arm embedded/4.9 2015q3/bin/../lib/gcc/arm-none-eabi/4.9.3/../../../../arm-none-eabi/lib/armv7-m\libg.a(lib_a-exit.o)
 .text          0x00000000        0x0 c:/program files (x86)/gnu tools arm embedded/4.9 2015q3/bin/../lib/gcc/arm-none-eabi/4.9.3/../../../../arm-none-eabi/lib/armv7-m\libg.a(lib_a-impure.o)
 .data          0x00000000        0x0 c:/program files (x86)/gnu tools arm embedded/4.9 2015q3/bin/../lib/gcc/arm-none-eabi/4.9.3/../../../../arm-none-eabi/lib/armv7-m\libg.a(lib_a-impure.o)
 .bss           0x00000000        0x0 c:/program files (x86)/gnu tools arm embedded/4.9 2015q3/bin/../lib/gcc/arm-none-eabi/4.9.3/../../../../arm-none-eabi/lib/armv7-m\libg.a(lib_a-impure.o)
 .data._impure_ptr
                0x00000000        0x4 c:/program files (x86)/gnu tools arm embedded/4.9 2015q3/bin/../lib/gcc/arm-none-eabi/4.9.3/../../../../arm-none-eabi/lib/armv7-m\libg.a(lib_a-impure.o)
 .text          0x00000000        0x0 c:/program files (x86)/gnu tools arm embedded/4.9 2015q3/bin/../lib/gcc/arm-none-eabi/4.9.3/../../../../arm-none-eabi/lib/armv7-m\libg.a(lib_a-init.o)
 .data          0x00000000        0x0 c:/program files (x86)/gnu tools arm embedded/4.9 2015q3/bin/../lib/gcc/arm-none-eabi/4.9.3/../../../../arm-none-eabi/lib/armv7-m\libg.a(lib_a-init.o)
 .bss           0x00000000        0x0 c:/program files (x86)/gnu tools arm embedded/4.9 2015q3/bin/../lib/gcc/arm-none-eabi/4.9.3/../../../../arm-none-eabi/lib/armv7-m\libg.a(lib_a-init.o)
 .text.__libc_init_array
                0x00000000       0x50 c:/program files (x86)/gnu tools arm embedded/4.9 2015q3/bin/../lib/gcc/arm-none-eabi/4.9.3/../../../../arm-none-eabi/lib/armv7-m\libg.a(lib_a-init.o)
 .debug_frame   0x00000000       0x2c c:/program files (x86)/gnu tools arm embedded/4.9 2015q3/bin/../lib/gcc/arm-none-eabi/4.9.3/../../../../arm-none-eabi/lib/armv7-m\libg.a(lib_a-init.o)
 .ARM.attributes
                0x00000000       0x2d c:/program files (x86)/gnu tools arm embedded/4.9 2015q3/bin/../lib/gcc/arm-none-eabi/4.9.3/../../../../arm-none-eabi/lib/armv7-m\libg.a(lib_a-init.o)
 .text          0x00000000        0x0 c:/program files (x86)/gnu tools arm embedded/4.9 2015q3/bin/../lib/gcc/arm-none-eabi/4.9.3/../../../../arm-none-eabi/lib/armv7-m\libg.a(lib_a-memset.o)
 .data          0x00000000        0x0 c:/program files (x86)/gnu tools arm embedded/4.9 2015q3/bin/../lib/gcc/arm-none-eabi/4.9.3/../../../../arm-none-eabi/lib/armv7-m\libg.a(lib_a-memset.o)
 .bss           0x00000000        0x0 c:/program files (x86)/gnu tools arm embedded/4.9 2015q3/bin/../lib/gcc/arm-none-eabi/4.9.3/../../../../arm-none-eabi/lib/armv7-m\libg.a(lib_a-memset.o)
 .text.memset   0x00000000       0x9c c:/program files (x86)/gnu tools arm embedded/4.9 2015q3/bin/../lib/gcc/arm-none-eabi/4.9.3/../../../../arm-none-eabi/lib/armv7-m\libg.a(lib_a-memset.o)
 .debug_frame   0x00000000       0x34 c:/program files (x86)/gnu tools arm embedded/4.9 2015q3/bin/../lib/gcc/arm-none-eabi/4.9.3/../../../../arm-none-eabi/lib/armv7-m\libg.a(lib_a-memset.o)
 .ARM.attributes
                0x00000000       0x2d c:/program files (x86)/gnu tools arm embedded/4.9 2015q3/bin/../lib/gcc/arm-none-eabi/4.9.3/../../../../arm-none-eabi/lib/armv7-m\libg.a(lib_a-memset.o)
 .text          0x00000000        0x0 c:/program files (x86)/gnu tools arm embedded/4.9 2015q3/bin/../lib/gcc/arm-none-eabi/4.9.3/../../../../arm-none-eabi/lib/armv7-m\libg.a(lib_a-__call_atexit.o)
 .data          0x00000000        0x0 c:/program files (x86)/gnu tools arm embedded/4.9 2015q3/bin/../lib/gcc/arm-none-eabi/4.9.3/../../../../arm-none-eabi/lib/armv7-m\libg.a(lib_a-__call_atexit.o)
 .bss           0x00000000        0x0 c:/program files (x86)/gnu tools arm embedded/4.9 2015q3/bin/../lib/gcc/arm-none-eabi/4.9.3/../../../../arm-none-eabi/lib/armv7-m\libg.a(lib_a-__call_atexit.o)
 .text.__call_exitprocs
                0x00000000       0xd4 c:/program files (x86)/gnu tools arm embedded/4.9 2015q3/bin/../lib/gcc/arm-none-eabi/4.9.3/../../../../arm-none-eabi/lib/armv7-m\libg.a(lib_a-__call_atexit.o)
 .text          0x00000000        0x0 c:/program files (x86)/gnu tools arm embedded/4.9 2015q3/bin/../lib/gcc/arm-none-eabi/4.9.3/../../../../arm-none-eabi/lib/armv7-m\libg.a(lib_a-atexit.o)
 .data          0x00000000        0x0 c:/program files (x86)/gnu tools arm embedded/4.9 2015q3/bin/../lib/gcc/arm-none-eabi/4.9.3/../../../../arm-none-eabi/lib/armv7-m\libg.a(lib_a-atexit.o)
 .bss           0x00000000        0x0 c:/program files (x86)/gnu tools arm embedded/4.9 2015q3/bin/../lib/gcc/arm-none-eabi/4.9.3/../../../../arm-none-eabi/lib/armv7-m\libg.a(lib_a-atexit.o)
 .text          0x00000000        0x0 c:/program files (x86)/gnu tools arm embedded/4.9 2015q3/bin/../lib/gcc/arm-none-eabi/4.9.3/../../../../arm-none-eabi/lib/armv7-m\libg.a(lib_a-fini.o)
 .data          0x00000000        0x0 c:/program files (x86)/gnu tools arm embedded/4.9 2015q3/bin/../lib/gcc/arm-none-eabi/4.9.3/../../../../arm-none-eabi/lib/armv7-m\libg.a(lib_a-fini.o)
 .bss           0x00000000        0x0 c:/program files (x86)/gnu tools arm embedded/4.9 2015q3/bin/../lib/gcc/arm-none-eabi/4.9.3/../../../../arm-none-eabi/lib/armv7-m\libg.a(lib_a-fini.o)
 .text          0x00000000        0x0 c:/program files (x86)/gnu tools arm embedded/4.9 2015q3/bin/../lib/gcc/arm-none-eabi/4.9.3/../../../../arm-none-eabi/lib/armv7-m\libg.a(lib_a-__atexit.o)
 .data          0x00000000        0x0 c:/program files (x86)/gnu tools arm embedded/4.9 2015q3/bin/../lib/gcc/arm-none-eabi/4.9.3/../../../../arm-none-eabi/lib/armv7-m\libg.a(lib_a-__atexit.o)
 .bss           0x00000000        0x0 c:/program files (x86)/gnu tools arm embedded/4.9 2015q3/bin/../lib/gcc/arm-none-eabi/4.9.3/../../../../arm-none-eabi/lib/armv7-m\libg.a(lib_a-__atexit.o)
 .text          0x00000000        0x0 c:/program files (x86)/gnu tools arm embedded/4.9 2015q3/bin/../lib/gcc/arm-none-eabi/4.9.3/armv7-m/crtend.o
 .data          0x00000000        0x0 c:/program files (x86)/gnu tools arm embedded/4.9 2015q3/bin/../lib/gcc/arm-none-eabi/4.9.3/armv7-m/crtend.o
 .bss           0x00000000        0x0 c:/program files (x86)/gnu tools arm embedded/4.9 2015q3/bin/../lib/gcc/arm-none-eabi/4.9.3/armv7-m/crtend.o
 .eh_frame      0x00000000        0x4 c:/program files (x86)/gnu tools arm embedded/4.9 2015q3/bin/../lib/gcc/arm-none-eabi/4.9.3/armv7-m/crtend.o
 .text          0x00000000        0x0 c:/program files (x86)/gnu tools arm embedded/4.9 2015q3/bin/../lib/gcc/arm-none-eabi/4.9.3/armv7-m/crtn.o
 .data          0x00000000        0x0 c:/program files (x86)/gnu tools arm embedded/4.9 2015q3/bin/../lib/gcc/arm-none-eabi/4.9.3/armv7-m/crtn.o
 .bss           0x00000000        0x0 c:/program files (x86)/gnu tools arm embedded/4.9 2015q3/bin/../lib/gcc/arm-none-eabi/4.9.3/armv7-m/crtn.o

Memory Configuration

Name             Origin             Length             Attributes
rom              0x08000000         0x00040000         xr
ram              0x20000000         0x0000c000         xrw
*default*        0x00000000         0xffffffff

Linker script and memory map

LOAD c:/program files (x86)/gnu tools arm embedded/4.9 2015q3/bin/../lib/gcc/arm-none-eabi/4.9.3/armv7-m/crti.o
LOAD c:/program files (x86)/gnu tools arm embedded/4.9 2015q3/bin/../lib/gcc/arm-none-eabi/4.9.3/armv7-m/crtbegin.o
LOAD c:/program files (x86)/gnu tools arm embedded/4.9 2015q3/bin/../lib/gcc/arm-none-eabi/4.9.3/../../../../arm-none-eabi/lib/armv7-m/crt0.o
                0x2000c000                _eram = 0x2000c000

.text           0x08000000     0x5200
 *(.isr_vector)
 .isr_vector    0x08000000      0x134 ..\obj\startup_stm32f10x_hd.o
                0x08000000                g_pfnVectors
 *(.text*)
 .text          0x08000134       0x5c c:/program files (x86)/gnu tools arm embedded/4.9 2015q3/bin/../lib/gcc/arm-none-eabi/4.9.3/armv7-m/crtbegin.o
 .text.SpiMasterInit
                0x08000190        0xc ..\obj\spi.o
                0x08000190                SpiMasterInit
 .text.SpiSlaveInit
                0x0800019c       0x28 ..\obj\spi.o
                0x0800019c                SpiSlaveInit
 .text.TIM_TimeBaseInit
                0x080001c4       0xf8 ..\obj\stm32f10x_tim.o
                0x080001c4                TIM_TimeBaseInit
 .text.TIM_Cmd  0x080002bc       0x40 ..\obj\stm32f10x_tim.o
                0x080002bc                TIM_Cmd
 .text.TIM_SetCounter
                0x080002fc       0x1c ..\obj\stm32f10x_tim.o
                0x080002fc                TIM_SetCounter
 .text.TIM_GetCounter
                0x08000318       0x1c ..\obj\stm32f10x_tim.o
                0x08000318                TIM_GetCounter
 .text.SystemInit
                0x08000334       0x68 ..\obj\system_stm32f10x.o
                0x08000334                SystemInit
 .text.SetSysClock
                0x0800039c        0xc ..\obj\system_stm32f10x.o
 .text.SetSysClockTo72
                0x080003a8      0x100 ..\obj\system_stm32f10x.o
 .text.Default_Reset_Handler
                0x080004a8       0x5c ..\obj\startup_stm32f10x_hd.o
                0x080004a8                Default_Reset_Handler
                0x080004a8                Reset_Handler
 .text.Default_Handler
                0x08000504        0x8 ..\obj\startup_stm32f10x_hd.o
                0x08000504                EXTI2_IRQHandler
                0x08000504                TIM8_TRG_COM_IRQHandler
                0x08000504                TIM8_CC_IRQHandler
                0x08000504                DebugMon_Handler
                0x08000504                TIM1_CC_IRQHandler
                0x08000504                HardFault_Handler
                0x08000504                TIM6_IRQHandler
                0x08000504                SysTick_Handler
                0x08000504                PVD_IRQHandler
                0x08000504                SDIO_IRQHandler
                0x08000504                PendSV_Handler
                0x08000504                NMI_Handler
                0x08000504                EXTI3_IRQHandler
                0x08000504                EXTI0_IRQHandler
                0x08000504                I2C2_EV_IRQHandler
                0x08000504                UsageFault_Handler
                0x08000504                ADC1_2_IRQHandler
                0x08000504                SPI1_IRQHandler
                0x08000504                TAMPER_IRQHandler
                0x08000504                TIM8_UP_IRQHandler
                0x08000504                DMA2_Channel2_IRQHandler
                0x08000504                DMA1_Channel4_IRQHandler
                0x08000504                USART3_IRQHandler
                0x08000504                RTC_IRQHandler
                0x08000504                DMA1_Channel7_IRQHandler
                0x08000504                CAN1_RX1_IRQHandler
                0x08000504                UART5_IRQHandler
                0x08000504                ADC3_IRQHandler
                0x08000504                TIM4_IRQHandler
                0x08000504                DMA2_Channel1_IRQHandler
                0x08000504                I2C1_EV_IRQHandler
                0x08000504                DMA1_Channel6_IRQHandler
                0x08000504                UART4_IRQHandler
                0x08000504                TIM3_IRQHandler
                0x08000504                RCC_IRQHandler
                0x08000504                TIM1_TRG_COM_IRQHandler
                0x08000504                DMA1_Channel1_IRQHandler
                0x08000504                EXTI15_10_IRQHandler
                0x08000504                TIM7_IRQHandler
                0x08000504                TIM5_IRQHandler
                0x08000504                EXTI9_5_IRQHandler
                0x08000504                SPI2_IRQHandler
                0x08000504                MemManage_Handler
                0x08000504                SVC_Handler
                0x08000504                DMA1_Channel5_IRQHandler
                0x08000504                EXTI4_IRQHandler
                0x08000504                USB_LP_CAN1_RX0_IRQHandler
                0x08000504                USB_HP_CAN1_TX_IRQHandler
                0x08000504                DMA1_Channel3_IRQHandler
                0x08000504                FSMC_IRQHandler
                0x08000504                TIM1_UP_IRQHandler
                0x08000504                WWDG_IRQHandler
                0x08000504                TIM2_IRQHandler
                0x08000504                TIM1_BRK_IRQHandler
                0x08000504                EXTI1_IRQHandler
                0x08000504                RTCAlarm_IRQHandler
                0x08000504                DMA2_Channel4_5_IRQHandler
                0x08000504                USART2_IRQHandler
                0x08000504                I2C2_ER_IRQHandler
                0x08000504                DMA1_Channel2_IRQHandler
                0x08000504                TIM8_BRK_IRQHandler
                0x08000504                CAN1_SCE_IRQHandler
                0x08000504                FLASH_IRQHandler
                0x08000504                BusFault_Handler
                0x08000504                USART1_IRQHandler
                0x08000504                SPI3_IRQHandler
                0x08000504                I2C1_ER_IRQHandler
                0x08000504                USBWakeUp_IRQHandler
                0x08000504                DMA2_Channel3_IRQHandler
 .text.initGPIOBitOut
                0x0800050c       0xa0 ..\obj\common.o
                0x0800050c                initGPIOBitOut
 .text.initOutputPin
                0x080005ac       0x2c ..\obj\stm_port.o
                0x080005ac                initOutputPin
 .text.initInputPin
                0x080005d8       0x2c ..\obj\stm_port.o
                0x080005d8                initInputPin
 .text.outPin   0x08000604       0x4c ..\obj\stm_port.o
                0x08000604                outPin
 .text.getPin   0x08000650       0x20 ..\obj\stm_port.o
                0x08000650                getPin
 .text.GPIO_Init
                0x08000670      0x180 ..\obj\stm32f10x_gpio.o
                0x08000670                GPIO_Init
 .text.GPIO_ReadInputDataBit
                0x080007f0       0x34 ..\obj\stm32f10x_gpio.o
                0x080007f0                GPIO_ReadInputDataBit
 .text.GPIO_SetBits
                0x08000824       0x1c ..\obj\stm32f10x_gpio.o
                0x08000824                GPIO_SetBits
 .text.GPIO_ResetBits
                0x08000840       0x1c ..\obj\stm32f10x_gpio.o
                0x08000840                GPIO_ResetBits
 .text.animation_print_str
                0x0800085c       0x30 ..\obj\main.o
                0x0800085c                animation_print_str
 .text.animation
                0x0800088c      0x148 ..\obj\main.o
                0x0800088c                animation
 .text.read_memory
                0x080009d4       0x20 ..\obj\main.o
                0x080009d4                read_memory
 .text.write_memory
                0x080009f4       0x24 ..\obj\main.o
                0x080009f4                write_memory
 .text.shouldSetup
                0x08000a18       0xa4 ..\obj\main.o
                0x08000a18                shouldSetup
 .text.setupPredefinedMode
                0x08000abc      0x28c ..\obj\main.o
                0x08000abc                setupPredefinedMode
 .text.systemInit
                0x08000d48       0x80 ..\obj\main.o
                0x08000d48                systemInit
 .text.checkProtection
                0x08000dc8       0x14 ..\obj\main.o
                0x08000dc8                checkProtection
 .text.main     0x08000ddc      0x2b8 ..\obj\main.o
                0x08000ddc                main
 .text.isGeneratorOn
                0x08001094       0xa0 ..\obj\main.o
                0x08001094                isGeneratorOn
 .text.isCameraNotReady
                0x08001134       0x38 ..\obj\main.o
                0x08001134                isCameraNotReady
 *fill*         0x0800116c        0x4 
 .text.mainCycle
                0x08001170      0x86c ..\obj\main.o
                0x08001170                mainCycle
 .text.menuFunctions
                0x080019dc       0x74 ..\obj\main.o
                0x080019dc                menuFunctions
 .text.menu     0x08001a50      0x5a4 ..\obj\main.o
                0x08001a50                menu
 .text.setRelayN
                0x08001ff4      0x100 ..\obj\rel.o
                0x08001ff4                setRelayN
 .text.testRel  0x080020f4       0x84 ..\obj\rel.o
                0x080020f4                testRel
 .text.RCC_ADCCLKConfig
                0x08002178       0x38 ..\obj\stm32f10x_rcc.o
                0x08002178                RCC_ADCCLKConfig
 .text.RCC_GetClocksFreq
                0x080021b0      0x164 ..\obj\stm32f10x_rcc.o
                0x080021b0                RCC_GetClocksFreq
 .text.RCC_APB2PeriphClockCmd
                0x08002314       0x3c ..\obj\stm32f10x_rcc.o
                0x08002314                RCC_APB2PeriphClockCmd
 .text.RCC_APB1PeriphClockCmd
                0x08002350       0x3c ..\obj\stm32f10x_rcc.o
                0x08002350                RCC_APB1PeriphClockCmd
 .text.RCC_APB2PeriphResetCmd
                0x0800238c       0x3c ..\obj\stm32f10x_rcc.o
                0x0800238c                RCC_APB2PeriphResetCmd
 .text.ADC_DeInit
                0x080023c8       0x74 ..\obj\stm32f10x_adc.o
                0x080023c8                ADC_DeInit
 .text.ADC_Init
                0x0800243c       0xa4 ..\obj\stm32f10x_adc.o
                0x0800243c                ADC_Init
 .text.ADC_Cmd  0x080024e0       0x38 ..\obj\stm32f10x_adc.o
                0x080024e0                ADC_Cmd
 .text.ADC_ResetCalibration
                0x08002518       0x20 ..\obj\stm32f10x_adc.o
                0x08002518                ADC_ResetCalibration
 .text.ADC_GetResetCalibrationStatus
                0x08002538       0x30 ..\obj\stm32f10x_adc.o
                0x08002538                ADC_GetResetCalibrationStatus
 .text.ADC_StartCalibration
                0x08002568       0x20 ..\obj\stm32f10x_adc.o
                0x08002568                ADC_StartCalibration
 .text.ADC_GetCalibrationStatus
                0x08002588       0x30 ..\obj\stm32f10x_adc.o
                0x08002588                ADC_GetCalibrationStatus
 .text.ADC_SoftwareStartConvCmd
                0x080025b8       0x38 ..\obj\stm32f10x_adc.o
                0x080025b8                ADC_SoftwareStartConvCmd
 .text.ADC_RegularChannelConfig
                0x080025f0      0x194 ..\obj\stm32f10x_adc.o
                0x080025f0                ADC_RegularChannelConfig
 .text.ADC_GetConversionValue
                0x08002784       0x1c ..\obj\stm32f10x_adc.o
                0x08002784                ADC_GetConversionValue
 .text.ADC_GetFlagStatus
                0x080027a0       0x34 ..\obj\stm32f10x_adc.o
                0x080027a0                ADC_GetFlagStatus
 .text.initHRTimer
                0x080027d4       0x40 ..\obj\time.o
                0x080027d4                initHRTimer
 .text.resetHRTimer
                0x08002814       0x10 ..\obj\time.o
                0x08002814                resetHRTimer
 .text.getHRTimerValue
                0x08002824       0x14 ..\obj\time.o
                0x08002824                getHRTimerValue
 .text.delay    0x08002838       0xe4 ..\obj\time.o
                0x08002838                delay
 .text.analogStart
                0x0800291c        0xc ..\obj\adc.o
                0x0800291c                analogStart
 .text.ADCInitLow
                0x08002928       0x74 ..\obj\adc.o
                0x08002928                ADCInitLow
 .text.readADCch
                0x0800299c       0x44 ..\obj\adc.o
                0x0800299c                readADCch
 .text.readADC  0x080029e0       0x34 ..\obj\adc.o
                0x080029e0                readADC
 .text.getOutputU
                0x08002a14       0x14 ..\obj\adc.o
                0x08002a14                getOutputU
 .text.getInputU
                0x08002a28       0x14 ..\obj\adc.o
                0x08002a28                getInputU
 .text.getI     0x08002a3c       0x14 ..\obj\adc.o
                0x08002a3c                getI
 .text.initADC  0x08002a50       0x3c ..\obj\adc.o
                0x08002a50                initADC
 .text.updateADC
                0x08002a8c       0x30 ..\obj\adc.o
                0x08002a8c                updateADC
 .text.setData  0x08002abc      0x104 ..\obj\ch_lcd.o
                0x08002abc                setData
 .text.initGPIO
                0x08002bc0       0x88 ..\obj\ch_lcd.o
                0x08002bc0                initGPIO
 .text.makeBeep
                0x08002c48       0x48 ..\obj\ch_lcd.o
                0x08002c48                makeBeep
 .text.Beep     0x08002c90        0xc ..\obj\ch_lcd.o
                0x08002c90                Beep
 .text._LCDSendWaitNext
                0x08002c9c        0xc ..\obj\ch_lcd.o
                0x08002c9c                _LCDSendWaitNext
 .text._LCDMiniWait
                0x08002ca8        0xc ..\obj\ch_lcd.o
                0x08002ca8                _LCDMiniWait
 .text._LCDSendCommand
                0x08002cb4       0x78 ..\obj\ch_lcd.o
                0x08002cb4                _LCDSendCommand
 .text._LCDSendData
                0x08002d2c       0x7c ..\obj\ch_lcd.o
                0x08002d2c                _LCDSendData
 .text.LCDInit  0x08002da8       0xac ..\obj\ch_lcd.o
                0x08002da8                LCDInit
 .text.LCDLedStatus
                0x08002e54       0x30 ..\obj\ch_lcd.o
                0x08002e54                LCDLedStatus
 .text.waitForKeyPress
                0x08002e84       0x3c ..\obj\ch_lcd.o
                0x08002e84                waitForKeyPress
 .text.GetKeyState
                0x08002ec0       0x88 ..\obj\ch_lcd.o
                0x08002ec0                GetKeyState
 .text.GetKeyPressed
                0x08002f48       0x64 ..\obj\ch_lcd.o
                0x08002f48                GetKeyPressed
 .text.LCDClear
                0x08002fac       0x14 ..\obj\ch_lcd.o
                0x08002fac                LCDClear
 .text.LCDMoveTo
                0x08002fc0       0x48 ..\obj\ch_lcd.o
                0x08002fc0                LCDMoveTo
 .text.LCDPrintString
                0x08003008       0x50 ..\obj\ch_lcd.o
                0x08003008                LCDPrintString
 .text.LCDPutChar
                0x08003058       0x18 ..\obj\ch_lcd.o
                0x08003058                LCDPutChar
 .text.LCDPrintInt
                0x08003070       0xa8 ..\obj\ch_lcd.o
                0x08003070                LCDPrintInt
 .text.LCDPrintFInt
                0x08003118      0x10c ..\obj\ch_lcd.o
                0x08003118                LCDPrintFInt
 .text.on       0x08003224       0x3c ..\obj\run.o
                0x08003224                on
 .text.off      0x08003260       0x3c ..\obj\run.o
                0x08003260                off
 .text.init     0x0800329c       0x3c ..\obj\run.o
                0x0800329c                init
 .text.setKeyState
                0x080032d8       0x3c ..\obj\run.o
                0x080032d8                setKeyState
 .text.setPrecharge
                0x08003314       0x30 ..\obj\run.o
                0x08003314                setPrecharge
 .text.run_init
                0x08003344       0x74 ..\obj\run.o
                0x08003344                run_init
 .text.getKeyMask
                0x080033b8       0x74 ..\obj\run.o
                0x080033b8                getKeyMask
 .text.setCurrent
                0x0800342c       0x68 ..\obj\run.o
                0x0800342c                setCurrent
 .text.sparkForDischarge
                0x08003494       0x30 ..\obj\run.o
                0x08003494                sparkForDischarge
 .text.spark    0x080034c4      0x21c ..\obj\run.o
                0x080034c4                spark
 .text          0x080036e0      0x370 c:/program files (x86)/gnu tools arm embedded/4.9 2015q3/bin/../lib/gcc/arm-none-eabi/4.9.3/armv7-m\libgcc.a(_arm_addsubdf3.o)
                0x080036e0                __aeabi_drsub
                0x080036e8                __aeabi_dsub
                0x080036e8                __subdf3
                0x080036ec                __aeabi_dadd
                0x080036ec                __adddf3
                0x08003964                __floatunsidf
                0x08003964                __aeabi_ui2d
                0x08003984                __floatsidf
                0x08003984                __aeabi_i2d
                0x080039a8                __aeabi_f2d
                0x080039a8                __extendsfdf2
                0x080039e4                __floatundidf
                0x080039e4                __aeabi_ul2d
                0x080039f4                __floatdidf
                0x080039f4                __aeabi_l2d
 .text          0x08003a50      0x424 c:/program files (x86)/gnu tools arm embedded/4.9 2015q3/bin/../lib/gcc/arm-none-eabi/4.9.3/armv7-m\libgcc.a(_arm_muldivdf3.o)
                0x08003a50                __aeabi_dmul
                0x08003a50                __muldf3
                0x08003ca4                __divdf3
                0x08003ca4                __aeabi_ddiv
 .text          0x08003e74      0x110 c:/program files (x86)/gnu tools arm embedded/4.9 2015q3/bin/../lib/gcc/arm-none-eabi/4.9.3/armv7-m\libgcc.a(_arm_cmpdf2.o)
                0x08003e74                __gtdf2
                0x08003e74                __gedf2
                0x08003e7c                __ltdf2
                0x08003e7c                __ledf2
                0x08003e84                __nedf2
                0x08003e84                __eqdf2
                0x08003e84                __cmpdf2
                0x08003f00                __aeabi_cdrcmple
                0x08003f10                __aeabi_cdcmpeq
                0x08003f10                __aeabi_cdcmple
                0x08003f20                __aeabi_dcmpeq
                0x08003f34                __aeabi_dcmplt
                0x08003f48                __aeabi_dcmple
                0x08003f5c                __aeabi_dcmpge
                0x08003f70                __aeabi_dcmpgt
 .text          0x08003f84       0xa0 c:/program files (x86)/gnu tools arm embedded/4.9 2015q3/bin/../lib/gcc/arm-none-eabi/4.9.3/armv7-m\libgcc.a(_arm_truncdfsf2.o)
                0x08003f84                __truncdfsf2
                0x08003f84                __aeabi_d2f
 .text          0x08004024      0x2a0 c:/program files (x86)/gnu tools arm embedded/4.9 2015q3/bin/../lib/gcc/arm-none-eabi/4.9.3/armv7-m\libgcc.a(_arm_muldivsf3.o)
                0x08004024                __mulsf3
                0x08004024                __aeabi_fmul
                0x0800418c                __aeabi_fdiv
                0x0800418c                __divsf3
 .text          0x080042c4       0x4c c:/program files (x86)/gnu tools arm embedded/4.9 2015q3/bin/../lib/gcc/arm-none-eabi/4.9.3/armv7-m\libgcc.a(_arm_fixsfsi.o)
                0x080042c4                __aeabi_f2iz
                0x080042c4                __fixsfsi
 .text          0x08004310       0x38 c:/program files (x86)/gnu tools arm embedded/4.9 2015q3/bin/../lib/gcc/arm-none-eabi/4.9.3/armv7-m\libgcc.a(_aeabi_ldivmod.o)
                0x08004310                __aeabi_ldivmod
 .text          0x08004348       0x60 c:/program files (x86)/gnu tools arm embedded/4.9 2015q3/bin/../lib/gcc/arm-none-eabi/4.9.3/armv7-m\libgcc.a(bpabi.o)
                0x08004348                __gnu_ldivmod_helper
                0x08004378                __gnu_uldivmod_helper
 .text          0x080043a8        0x4 c:/program files (x86)/gnu tools arm embedded/4.9 2015q3/bin/../lib/gcc/arm-none-eabi/4.9.3/armv7-m\libgcc.a(_dvmd_tls.o)
                0x080043a8                __aeabi_idiv0
                0x080043a8                __aeabi_ldiv0
 .text          0x080043ac      0x2ac c:/program files (x86)/gnu tools arm embedded/4.9 2015q3/bin/../lib/gcc/arm-none-eabi/4.9.3/armv7-m\libgcc.a(_divdi3.o)
                0x080043ac                __divdi3
 .text          0x08004658      0x270 c:/program files (x86)/gnu tools arm embedded/4.9 2015q3/bin/../lib/gcc/arm-none-eabi/4.9.3/armv7-m\libgcc.a(_udivdi3.o)
                0x08004658                __udivdi3
 .text.startup.register_fini
                0x080048c8       0x14 c:/program files (x86)/gnu tools arm embedded/4.9 2015q3/bin/../lib/gcc/arm-none-eabi/4.9.3/../../../../arm-none-eabi/lib/armv7-m\libg.a(lib_a-__call_atexit.o)
 .text.atexit   0x080048dc        0xc c:/program files (x86)/gnu tools arm embedded/4.9 2015q3/bin/../lib/gcc/arm-none-eabi/4.9.3/../../../../arm-none-eabi/lib/armv7-m\libg.a(lib_a-atexit.o)
                0x080048dc                atexit
 .text.__libc_fini_array
                0x080048e8       0x2c c:/program files (x86)/gnu tools arm embedded/4.9 2015q3/bin/../lib/gcc/arm-none-eabi/4.9.3/../../../../arm-none-eabi/lib/armv7-m\libg.a(lib_a-fini.o)
                0x080048e8                __libc_fini_array
 .text.__register_exitproc
                0x08004914       0xa4 c:/program files (x86)/gnu tools arm embedded/4.9 2015q3/bin/../lib/gcc/arm-none-eabi/4.9.3/../../../../arm-none-eabi/lib/armv7-m\libg.a(lib_a-__atexit.o)
                0x08004914                __register_exitproc
 *(.init)
 .init          0x080049b8        0x4 c:/program files (x86)/gnu tools arm embedded/4.9 2015q3/bin/../lib/gcc/arm-none-eabi/4.9.3/armv7-m/crti.o
                0x080049b8                _init
 .init          0x080049bc        0x8 c:/program files (x86)/gnu tools arm embedded/4.9 2015q3/bin/../lib/gcc/arm-none-eabi/4.9.3/armv7-m/crtn.o
 *(.fini)
 .fini          0x080049c4        0x4 c:/program files (x86)/gnu tools arm embedded/4.9 2015q3/bin/../lib/gcc/arm-none-eabi/4.9.3/armv7-m/crti.o
                0x080049c4                _fini
 .fini          0x080049c8        0x8 c:/program files (x86)/gnu tools arm embedded/4.9 2015q3/bin/../lib/gcc/arm-none-eabi/4.9.3/armv7-m/crtn.o
 *crtbegin.o(.ctors)
 *crtbegin?.o(.ctors)
 *(EXCLUDE_FILE(*crtend.o *crtend?.o) .ctors)
 *(SORT(.ctors.*))
 *(.ctors)
 *crtbegin.o(.dtors)
 *crtbegin?.o(.dtors)
 *(EXCLUDE_FILE(*crtend.o *crtend?.o) .dtors)
 *(SORT(.dtors.*))
 *(.dtors)
 *(.rodata*)
 .rodata        0x080049d0      0x701 ..\obj\main.o
                0x08004b74                MItems
 *fill*         0x080050d1        0x3 
 .rodata        0x080050d4      0x114 ..\obj\ch_lcd.o
                0x080050d4                LCDLineAdr
                0x080050e8                WIN_TO_LCD
 .rodata        0x080051e8        0xe ..\obj\run.o
 *fill*         0x080051f6        0x2 
 .rodata.str1.4
                0x080051f8        0x4 c:/program files (x86)/gnu tools arm embedded/4.9 2015q3/bin/../lib/gcc/arm-none-eabi/4.9.3/../../../../arm-none-eabi/lib/armv7-m\libg.a(lib_a-impure.o)
                                  0x2 (size before relaxing)
 .rodata._global_impure_ptr
                0x080051fc        0x4 c:/program files (x86)/gnu tools arm embedded/4.9 2015q3/bin/../lib/gcc/arm-none-eabi/4.9.3/../../../../arm-none-eabi/lib/armv7-m\libg.a(lib_a-impure.o)
                0x080051fc                _global_impure_ptr
 *(.eh_fram e*)

.eh_frame       0x08005200        0x0
 .eh_frame      0x08005200        0x0 c:/program files (x86)/gnu tools arm embedded/4.9 2015q3/bin/../lib/gcc/arm-none-eabi/4.9.3/armv7-m/crtbegin.o

.glue_7         0x08005200        0x0
 .glue_7        0x00000000        0x0 linker stubs

.glue_7t        0x08005200        0x0
 .glue_7t       0x00000000        0x0 linker stubs

.vfp11_veneer   0x08005200        0x0
 .vfp11_veneer  0x00000000        0x0 linker stubs

.v4_bx          0x08005200        0x0
 .v4_bx         0x00000000        0x0 linker stubs

.iplt           0x08005200        0x0
 .iplt          0x00000000        0x0 c:/program files (x86)/gnu tools arm embedded/4.9 2015q3/bin/../lib/gcc/arm-none-eabi/4.9.3/armv7-m/crtbegin.o

.ARM.extab
 *(.ARM.extab* .gnu.linkonce.armextab.*)
                0x08005200                __exidx_start = .

.ARM.exidx      0x08005200        0x8
 *(.ARM.exidx* .gnu.linkonce.armexidx.*)
 .ARM.exidx     0x08005200        0x8 c:/program files (x86)/gnu tools arm embedded/4.9 2015q3/bin/../lib/gcc/arm-none-eabi/4.9.3/armv7-m\libgcc.a(_divdi3.o)
 .ARM.exidx     0x08005208        0x0 c:/program files (x86)/gnu tools arm embedded/4.9 2015q3/bin/../lib/gcc/arm-none-eabi/4.9.3/armv7-m\libgcc.a(_udivdi3.o)
                                  0x8 (size before relaxing)
                0x08005208                __exidx_end = .
                0x08005208                __etext = .
                0x08005208                _sidata = __etext

.rel.dyn        0x08005208        0x0
 .rel.iplt      0x00000000        0x0 c:/program files (x86)/gnu tools arm embedded/4.9 2015q3/bin/../lib/gcc/arm-none-eabi/4.9.3/armv7-m/crtbegin.o

.data           0x20000000      0x4d8 load address 0x08005208
                0x20000000                __data_start__ = .
                0x20000000                _sdata = __data_start__
 *(vtable)
 *(.data*)
 .data          0x20000000        0x5 ..\obj\main.o
                0x20000000                MenuItemCount
                0x20000004                IsFirstTime
 *fill*         0x20000005        0x3 
 .data          0x20000008       0x14 ..\obj\stm32f10x_rcc.o
 .data          0x2000001c       0x80 ..\obj\run.o
                0x2000001c                PINs
 *fill*         0x2000009c        0x4 
 .data.impure_data
                0x200000a0      0x428 c:/program files (x86)/gnu tools arm embedded/4.9 2015q3/bin/../lib/gcc/arm-none-eabi/4.9.3/../../../../arm-none-eabi/lib/armv7-m\libg.a(lib_a-impure.o)
                0x200004c8                . = ALIGN (0x4)
                0x200004c8                PROVIDE (__preinit_array_start, .)
 *(.preinit_array)
                0x200004c8                PROVIDE (__preinit_array_end, .)
                0x200004c8                . = ALIGN (0x4)
                0x200004c8                PROVIDE (__init_array_start, .)
 *(SORT(.init_array.*))
 .init_array.00000
                0x200004c8        0x4 c:/program files (x86)/gnu tools arm embedded/4.9 2015q3/bin/../lib/gcc/arm-none-eabi/4.9.3/../../../../arm-none-eabi/lib/armv7-m\libg.a(lib_a-__call_atexit.o)
 *(.init_array)
 .init_array    0x200004cc        0x4 c:/program files (x86)/gnu tools arm embedded/4.9 2015q3/bin/../lib/gcc/arm-none-eabi/4.9.3/armv7-m/crtbegin.o
                0x200004d0                PROVIDE (__init_array_end, .)
                0x200004d0                . = ALIGN (0x4)
                0x200004d0                PROVIDE (__fini_array_start, .)
 *(SORT(.fini_array.*))
 *(.fini_array)
 .fini_array    0x200004d0        0x4 c:/program files (x86)/gnu tools arm embedded/4.9 2015q3/bin/../lib/gcc/arm-none-eabi/4.9.3/armv7-m/crtbegin.o
                0x200004d4                PROVIDE (__fini_array_end, .)
 *(.jcr*)
 .jcr           0x200004d4        0x0 c:/program files (x86)/gnu tools arm embedded/4.9 2015q3/bin/../lib/gcc/arm-none-eabi/4.9.3/armv7-m/crtbegin.o
 .jcr           0x200004d4        0x4 c:/program files (x86)/gnu tools arm embedded/4.9 2015q3/bin/../lib/gcc/arm-none-eabi/4.9.3/armv7-m/crtend.o
                0x200004d8                . = ALIGN (0x4)
                0x200004d8                __data_end__ = .
                0x200004d8                _edata = __data_end__

.igot.plt       0x200004d8        0x0 load address 0x080056e0
 .igot.plt      0x00000000        0x0 c:/program files (x86)/gnu tools arm embedded/4.9 2015q3/bin/../lib/gcc/arm-none-eabi/4.9.3/armv7-m/crtbegin.o

.bss            0x200004d8      0x4f0 load address 0x080056e0
                0x200004d8                . = ALIGN (0x4)
                0x200004d8                __bss_start__ = .
                0x200004d8                _sbss = __bss_start__
 *(.bss*)
 .bss           0x200004d8       0x1c c:/program files (x86)/gnu tools arm embedded/4.9 2015q3/bin/../lib/gcc/arm-none-eabi/4.9.3/armv7-m/crtbegin.o
 .bss           0x200004f4       0x18 ..\obj\common.o
                0x200004f4                overInitProtectorData
 .bss           0x2000050c       0x67 ..\obj\main.o
                0x2000050c                ValueFile
                0x20000568                isArgonFlow
                0x2000056c                genOn
                0x20000570                FLAG_NO_GAS_CHECK
                0x20000571                FLAG_NO_SPARK_CHECK
                0x20000572                FLAG_NO_PROT_CHECK
 *fill*         0x20000573        0x1 
 .bss           0x20000574        0xc ..\obj\rel.o
                0x20000574                IsGasOn
                0x20000578                NoGasTickCounter
                0x2000057c                relInited
 .bss           0x20000580        0x8 ..\obj\ch_lcd.o
                0x20000580                PrevKey
                0x20000584                KeyCycle
 *(COMMON)
 COMMON         0x20000588        0x4 ..\obj\main.o
                0x20000588                prespark
 COMMON         0x2000058c       0x10 ..\obj\adc.o
                0x2000058c                ADCInput
                0x20000590                ADCCur
                0x20000594                GPIO_InitStructure
                0x20000598                ADCOut
 COMMON         0x2000059c       0x18 ..\obj\ch_lcd.o
                0x2000059c                RepeatTime
                0x200005a0                LineSize
                0x200005a4                CurStr
                0x200005a8                CurX
                0x200005ac                KeyTime
                0x200005b0                Key
 COMMON         0x200005b4      0x414 ..\obj\run.o
                0x200005b4                SparkCount
                0x200005b8                ErrorTxt
                0x200005bc                NoSparkCount
                0x200005c0                IgnCount
                0x200005c4                NoCurrentCount
                0x200005c8                ErrorTxtBuf
                0x200009c8                . = ALIGN (0x4)
                0x200009c8                __bss_end__ = .
                0x200009c8                _ebss = __bss_end__

.heap           0x200009c8        0x0
                0x200009c8                __end__ = .
                0x200009c8                _end = __end__
                0x200009c8                end = __end__
 *(.heap*)
                0x200009c8                __HeapLimit = .

.co_stack       0x200009c8      0x400 load address 0x08005bd0
                0x200009c8                . = ALIGN (0x8)
 *(.co_stack .co_stack.*)
 .co_stack      0x200009c8      0x400 ..\obj\startup_stm32f10x_hd.o
                0x200009c8                pulStack
                0x2000c000                __StackTop = (ORIGIN (ram) + 0xc000)
                0x2000bc00                __StackLimit = (__StackTop - SIZEOF (.co_stack))
                0x2000c000                PROVIDE (__stack, __StackTop)
                0x00000001                ASSERT ((__StackLimit >= __HeapLimit), region ram  overflowed with stack)
LOAD ..\obj\stm32f10x_rtc.o
LOAD ..\obj\spi.o
LOAD ..\obj\stm32f10x_tim.o
LOAD ..\obj\system_stm32f10x.o
LOAD ..\obj\startup_stm32f10x_hd.o
LOAD ..\obj\common.o
LOAD ..\obj\stm_port.o
LOAD ..\obj\stm32f10x_pwr.o
LOAD ..\obj\stm32f10x_gpio.o
LOAD ..\obj\main.o
LOAD ..\obj\rel.o
LOAD ..\obj\stm32f10x_rcc.o
LOAD ..\obj\stm32f10x_adc.o
LOAD ..\obj\time.o
LOAD ..\obj\syscalls.o
LOAD ..\obj\adc.o
LOAD ..\obj\ch_lcd.o
LOAD ..\obj\run.o
LOAD ..\obj\stm32f10x_spi.o
LOAD ..\..\..\libdelaylib.a
LOAD c:/program files (x86)/gnu tools arm embedded/4.9 2015q3/bin/../lib/gcc/arm-none-eabi/4.9.3/../../../../arm-none-eabi/lib/armv7-m\libstdc++.a
START GROUP
LOAD c:/program files (x86)/gnu tools arm embedded/4.9 2015q3/bin/../lib/gcc/arm-none-eabi/4.9.3/armv7-m\libgcc.a
LOAD c:/program files (x86)/gnu tools arm embedded/4.9 2015q3/bin/../lib/gcc/arm-none-eabi/4.9.3/../../../../arm-none-eabi/lib/armv7-m\libg.a
LOAD c:/program files (x86)/gnu tools arm embedded/4.9 2015q3/bin/../lib/gcc/arm-none-eabi/4.9.3/../../../../arm-none-eabi/lib/armv7-m\libc.a
END GROUP
LOAD c:/program files (x86)/gnu tools arm embedded/4.9 2015q3/bin/../lib/gcc/arm-none-eabi/4.9.3/armv7-m/crtend.o
LOAD c:/program files (x86)/gnu tools arm embedded/4.9 2015q3/bin/../lib/gcc/arm-none-eabi/4.9.3/armv7-m/crtn.o
OUTPUT(CUG_STM.elf elf32-littlearm)

.ARM.attributes
                0x00000000       0x29
 .ARM.attributes
                0x00000000       0x1d c:/program files (x86)/gnu tools arm embedded/4.9 2015q3/bin/../lib/gcc/arm-none-eabi/4.9.3/armv7-m/crti.o
 .ARM.attributes
                0x0000001d       0x2d c:/program files (x86)/gnu tools arm embedded/4.9 2015q3/bin/../lib/gcc/arm-none-eabi/4.9.3/armv7-m/crtbegin.o
 .ARM.attributes
                0x0000004a       0x33 ..\obj\spi.o
 .ARM.attributes
                0x0000007d       0x33 ..\obj\stm32f10x_tim.o
 .ARM.attributes
                0x000000b0       0x33 ..\obj\system_stm32f10x.o
 .ARM.attributes
                0x000000e3       0x33 ..\obj\startup_stm32f10x_hd.o
 .ARM.attributes
                0x00000116       0x33 ..\obj\common.o
 .ARM.attributes
                0x00000149       0x33 ..\obj\stm_port.o
 .ARM.attributes
                0x0000017c       0x33 ..\obj\stm32f10x_gpio.o
 .ARM.attributes
                0x000001af       0x33 ..\obj\main.o
 .ARM.attributes
                0x000001e2       0x33 ..\obj\rel.o
 .ARM.attributes
                0x00000215       0x33 ..\obj\stm32f10x_rcc.o
 .ARM.attributes
                0x00000248       0x33 ..\obj\stm32f10x_adc.o
 .ARM.attributes
                0x0000027b       0x33 ..\obj\time.o
 .ARM.attributes
                0x000002ae       0x33 ..\obj\adc.o
 .ARM.attributes
                0x000002e1       0x33 ..\obj\ch_lcd.o
 .ARM.attributes
                0x00000314       0x33 ..\obj\run.o
 .ARM.attributes
                0x00000347       0x1d c:/program files (x86)/gnu tools arm embedded/4.9 2015q3/bin/../lib/gcc/arm-none-eabi/4.9.3/armv7-m\libgcc.a(_arm_addsubdf3.o)
 .ARM.attributes
                0x00000364       0x1d c:/program files (x86)/gnu tools arm embedded/4.9 2015q3/bin/../lib/gcc/arm-none-eabi/4.9.3/armv7-m\libgcc.a(_arm_muldivdf3.o)
 .ARM.attributes
                0x00000381       0x1d c:/program files (x86)/gnu tools arm embedded/4.9 2015q3/bin/../lib/gcc/arm-none-eabi/4.9.3/armv7-m\libgcc.a(_arm_cmpdf2.o)
 .ARM.attributes
                0x0000039e       0x1d c:/program files (x86)/gnu tools arm embedded/4.9 2015q3/bin/../lib/gcc/arm-none-eabi/4.9.3/armv7-m\libgcc.a(_arm_truncdfsf2.o)
 .ARM.attributes
                0x000003bb       0x1d c:/program files (x86)/gnu tools arm embedded/4.9 2015q3/bin/../lib/gcc/arm-none-eabi/4.9.3/armv7-m\libgcc.a(_arm_muldivsf3.o)
 .ARM.attributes
                0x000003d8       0x1d c:/program files (x86)/gnu tools arm embedded/4.9 2015q3/bin/../lib/gcc/arm-none-eabi/4.9.3/armv7-m\libgcc.a(_arm_fixsfsi.o)
 .ARM.attributes
                0x000003f5       0x1d c:/program files (x86)/gnu tools arm embedded/4.9 2015q3/bin/../lib/gcc/arm-none-eabi/4.9.3/armv7-m\libgcc.a(_aeabi_ldivmod.o)
 .ARM.attributes
                0x00000412       0x2d c:/program files (x86)/gnu tools arm embedded/4.9 2015q3/bin/../lib/gcc/arm-none-eabi/4.9.3/armv7-m\libgcc.a(bpabi.o)
 .ARM.attributes
                0x0000043f       0x1d c:/program files (x86)/gnu tools arm embedded/4.9 2015q3/bin/../lib/gcc/arm-none-eabi/4.9.3/armv7-m\libgcc.a(_dvmd_tls.o)
 .ARM.attributes
                0x0000045c       0x2d c:/program files (x86)/gnu tools arm embedded/4.9 2015q3/bin/../lib/gcc/arm-none-eabi/4.9.3/armv7-m\libgcc.a(_divdi3.o)
 .ARM.attributes
                0x00000489       0x2d c:/program files (x86)/gnu tools arm embedded/4.9 2015q3/bin/../lib/gcc/arm-none-eabi/4.9.3/armv7-m\libgcc.a(_udivdi3.o)
 .ARM.attributes
                0x000004b6       0x2d c:/program files (x86)/gnu tools arm embedded/4.9 2015q3/bin/../lib/gcc/arm-none-eabi/4.9.3/../../../../arm-none-eabi/lib/armv7-m\libg.a(lib_a-impure.o)
 .ARM.attributes
                0x000004e3       0x2d c:/program files (x86)/gnu tools arm embedded/4.9 2015q3/bin/../lib/gcc/arm-none-eabi/4.9.3/../../../../arm-none-eabi/lib/armv7-m\libg.a(lib_a-__call_atexit.o)
 .ARM.attributes
                0x00000510       0x2d c:/program files (x86)/gnu tools arm embedded/4.9 2015q3/bin/../lib/gcc/arm-none-eabi/4.9.3/../../../../arm-none-eabi/lib/armv7-m\libg.a(lib_a-atexit.o)
 .ARM.attributes
                0x0000053d       0x2d c:/program files (x86)/gnu tools arm embedded/4.9 2015q3/bin/../lib/gcc/arm-none-eabi/4.9.3/../../../../arm-none-eabi/lib/armv7-m\libg.a(lib_a-fini.o)
 .ARM.attributes
                0x0000056a       0x2d c:/program files (x86)/gnu tools arm embedded/4.9 2015q3/bin/../lib/gcc/arm-none-eabi/4.9.3/../../../../arm-none-eabi/lib/armv7-m\libg.a(lib_a-__atexit.o)
 .ARM.attributes
                0x00000597       0x2d c:/program files (x86)/gnu tools arm embedded/4.9 2015q3/bin/../lib/gcc/arm-none-eabi/4.9.3/armv7-m/crtend.o
 .ARM.attributes
                0x000005c4       0x1d c:/program files (x86)/gnu tools arm embedded/4.9 2015q3/bin/../lib/gcc/arm-none-eabi/4.9.3/armv7-m/crtn.o

.comment        0x00000000       0x70
 .comment       0x00000000       0x70 ..\obj\spi.o
                                 0x71 (size before relaxing)
 .comment       0x00000000       0x71 ..\obj\stm32f10x_tim.o
 .comment       0x00000000       0x71 ..\obj\system_stm32f10x.o
 .comment       0x00000000       0x71 ..\obj\startup_stm32f10x_hd.o
 .comment       0x00000000       0x71 ..\obj\common.o
 .comment       0x00000000       0x71 ..\obj\stm_port.o
 .comment       0x00000000       0x71 ..\obj\stm32f10x_gpio.o
 .comment       0x00000000       0x71 ..\obj\main.o
 .comment       0x00000000       0x71 ..\obj\rel.o
 .comment       0x00000000       0x71 ..\obj\stm32f10x_rcc.o
 .comment       0x00000000       0x71 ..\obj\stm32f10x_adc.o
 .comment       0x00000000       0x71 ..\obj\time.o
 .comment       0x00000000       0x71 ..\obj\adc.o
 .comment       0x00000000       0x71 ..\obj\ch_lcd.o
 .comment       0x00000000       0x71 ..\obj\run.o

.debug_info     0x00000000     0x64ba
 .debug_info    0x00000000      0x210 ..\obj\spi.o
 .debug_info    0x00000210     0x1c58 ..\obj\stm32f10x_tim.o
 .debug_info    0x00001e68      0x479 ..\obj\system_stm32f10x.o
 .debug_info    0x000022e1       0xe9 ..\obj\startup_stm32f10x_hd.o
 .debug_info    0x000023ca      0x250 ..\obj\common.o
 .debug_info    0x0000261a      0x2d7 ..\obj\stm_port.o
 .debug_info    0x000028f1      0x6e7 ..\obj\stm32f10x_gpio.o
 .debug_info    0x00002fd8      0x9d5 ..\obj\main.o
 .debug_info    0x000039ad      0x1d2 ..\obj\rel.o
 .debug_info    0x00003b7f      0x88d ..\obj\stm32f10x_rcc.o
 .debug_info    0x0000440c      0xb74 ..\obj\stm32f10x_adc.o
 .debug_info    0x00004f80      0x411 ..\obj\time.o
 .debug_info    0x00005391      0x4a0 ..\obj\adc.o
 .debug_info    0x00005831      0x6c5 ..\obj\ch_lcd.o
 .debug_info    0x00005ef6      0x5c4 ..\obj\run.o

.debug_abbrev   0x00000000     0x173e
 .debug_abbrev  0x00000000       0xf4 ..\obj\spi.o
 .debug_abbrev  0x000000f4      0x1b0 ..\obj\stm32f10x_tim.o
 .debug_abbrev  0x000002a4      0x14c ..\obj\system_stm32f10x.o
 .debug_abbrev  0x000003f0       0xa7 ..\obj\startup_stm32f10x_hd.o
 .debug_abbrev  0x00000497      0x12a ..\obj\common.o
 .debug_abbrev  0x000005c1      0x123 ..\obj\stm_port.o
 .debug_abbrev  0x000006e4      0x1c8 ..\obj\stm32f10x_gpio.o
 .debug_abbrev  0x000008ac      0x311 ..\obj\main.o
 .debug_abbrev  0x00000bbd       0xf5 ..\obj\rel.o
 .debug_abbrev  0x00000cb2      0x1ba ..\obj\stm32f10x_rcc.o
 .debug_abbrev  0x00000e6c      0x198 ..\obj\stm32f10x_adc.o
 .debug_abbrev  0x00001004      0x146 ..\obj\time.o
 .debug_abbrev  0x0000114a      0x18c ..\obj\adc.o
 .debug_abbrev  0x000012d6      0x1f6 ..\obj\ch_lcd.o
 .debug_abbrev  0x000014cc      0x272 ..\obj\run.o

.debug_aranges  0x00000000      0x998
 .debug_aranges
                0x00000000       0x28 ..\obj\spi.o
 .debug_aranges
                0x00000028      0x2f0 ..\obj\stm32f10x_tim.o
 .debug_aranges
                0x00000318       0x38 ..\obj\system_stm32f10x.o
 .debug_aranges
                0x00000350       0x28 ..\obj\startup_stm32f10x_hd.o
 .debug_aranges
                0x00000378       0x20 ..\obj\common.o
 .debug_aranges
                0x00000398       0x38 ..\obj\stm_port.o
 .debug_aranges
                0x000003d0       0xa8 ..\obj\stm32f10x_gpio.o
 .debug_aranges
                0x00000478       0xa8 ..\obj\main.o
 .debug_aranges
                0x00000520       0x28 ..\obj\rel.o
 .debug_aranges
                0x00000548      0x118 ..\obj\stm32f10x_rcc.o
 .debug_aranges
                0x00000660      0x138 ..\obj\stm32f10x_adc.o
 .debug_aranges
                0x00000798       0x38 ..\obj\time.o
 .debug_aranges
                0x000007d0       0x60 ..\obj\adc.o
 .debug_aranges
                0x00000830       0xe8 ..\obj\ch_lcd.o
 .debug_aranges
                0x00000918       0x80 ..\obj\run.o

.debug_ranges   0x00000000      0x8a8
 .debug_ranges  0x00000000       0x18 ..\obj\spi.o
 .debug_ranges  0x00000018      0x2e0 ..\obj\stm32f10x_tim.o
 .debug_ranges  0x000002f8       0x28 ..\obj\system_stm32f10x.o
 .debug_ranges  0x00000320       0x18 ..\obj\startup_stm32f10x_hd.o
 .debug_ranges  0x00000338       0x10 ..\obj\common.o
 .debug_ranges  0x00000348       0x28 ..\obj\stm_port.o
 .debug_ranges  0x00000370       0x98 ..\obj\stm32f10x_gpio.o
 .debug_ranges  0x00000408       0x98 ..\obj\main.o
 .debug_ranges  0x000004a0       0x18 ..\obj\rel.o
 .debug_ranges  0x000004b8      0x108 ..\obj\stm32f10x_rcc.o
 .debug_ranges  0x000005c0      0x128 ..\obj\stm32f10x_adc.o
 .debug_ranges  0x000006e8       0x28 ..\obj\time.o
 .debug_ranges  0x00000710       0x50 ..\obj\adc.o
 .debug_ranges  0x00000760       0xd8 ..\obj\ch_lcd.o
 .debug_ranges  0x00000838       0x70 ..\obj\run.o

.debug_line     0x00000000     0x397d
 .debug_line    0x00000000      0x209 ..\obj\spi.o
 .debug_line    0x00000209      0xaec ..\obj\stm32f10x_tim.o
 .debug_line    0x00000cf5      0x224 ..\obj\system_stm32f10x.o
 .debug_line    0x00000f19       0xa6 ..\obj\startup_stm32f10x_hd.o
 .debug_line    0x00000fbf      0x204 ..\obj\common.o
 .debug_line    0x000011c3      0x232 ..\obj\stm_port.o
 .debug_line    0x000013f5      0x3c4 ..\obj\stm32f10x_gpio.o
 .debug_line    0x000017b9      0x7aa ..\obj\main.o
 .debug_line    0x00001f63      0x221 ..\obj\rel.o
 .debug_line    0x00002184      0x4d1 ..\obj\stm32f10x_rcc.o
 .debug_line    0x00002655      0x52f ..\obj\stm32f10x_adc.o
 .debug_line    0x00002b84      0x23d ..\obj\time.o
 .debug_line    0x00002dc1      0x2d0 ..\obj\adc.o
 .debug_line    0x00003091      0x515 ..\obj\ch_lcd.o
 .debug_line    0x000035a6      0x3d7 ..\obj\run.o

.debug_str      0x00000000     0x2564
 .debug_str     0x00000000      0x27c ..\obj\spi.o
                                0x2ca (size before relaxing)
 .debug_str     0x0000027c      0xc24 ..\obj\stm32f10x_tim.o
                                0xde9 (size before relaxing)
 .debug_str     0x00000ea0      0x176 ..\obj\system_stm32f10x.o
                                0x2fb (size before relaxing)
 .debug_str     0x00001016       0xb4 ..\obj\startup_stm32f10x_hd.o
                                0x14b (size before relaxing)
 .debug_str     0x000010ca       0x65 ..\obj\common.o
                                0x2e5 (size before relaxing)
 .debug_str     0x0000112f       0x62 ..\obj\stm_port.o
                                0x2e7 (size before relaxing)
 .debug_str     0x00001191      0x25f ..\obj\stm32f10x_gpio.o
                                0x525 (size before relaxing)
 .debug_str     0x000013f0      0x3c1 ..\obj\main.o
                                0x5dd (size before relaxing)
 .debug_str     0x000017b1       0x4b ..\obj\rel.o
                                0x1d5 (size before relaxing)
 .debug_str     0x000017fc      0x389 ..\obj\stm32f10x_rcc.o
                                0x626 (size before relaxing)
 .debug_str     0x00001b85      0x53d ..\obj\stm32f10x_adc.o
                                0x707 (size before relaxing)
 .debug_str     0x000020c2       0x7c ..\obj\time.o
                                0x37f (size before relaxing)
 .debug_str     0x0000213e       0xb9 ..\obj\adc.o
                                0x43b (size before relaxing)
 .debug_str     0x000021f7      0x1e4 ..\obj\ch_lcd.o
                                0x370 (size before relaxing)
 .debug_str     0x000023db      0x189 ..\obj\run.o
                                0x47d (size before relaxing)

.debug_frame    0x00000000     0x295c
 .debug_frame   0x00000000       0x54 ..\obj\spi.o
 .debug_frame   0x00000054      0xe2c ..\obj\stm32f10x_tim.o
 .debug_frame   0x00000e80       0x98 ..\obj\system_stm32f10x.o
 .debug_frame   0x00000f18       0x4c ..\obj\startup_stm32f10x_hd.o
 .debug_frame   0x00000f64       0x34 ..\obj\common.o
 .debug_frame   0x00000f98       0xa0 ..\obj\stm_port.o
 .debug_frame   0x00001038      0x2d0 ..\obj\stm32f10x_gpio.o
 .debug_frame   0x00001308      0x290 ..\obj\main.o
 .debug_frame   0x00001598       0x58 ..\obj\rel.o
 .debug_frame   0x000015f0      0x4f4 ..\obj\stm32f10x_rcc.o
 .debug_frame   0x00001ae4      0x5a4 ..\obj\stm32f10x_adc.o
 .debug_frame   0x00002088       0x90 ..\obj\time.o
 .debug_frame   0x00002118      0x128 ..\obj\adc.o
 .debug_frame   0x00002240      0x390 ..\obj\ch_lcd.o
 .debug_frame   0x000025d0      0x1d0 ..\obj\run.o
 .debug_frame   0x000027a0       0x28 c:/program files (x86)/gnu tools arm embedded/4.9 2015q3/bin/../lib/gcc/arm-none-eabi/4.9.3/armv7-m\libgcc.a(_aeabi_ldivmod.o)
 .debug_frame   0x000027c8       0x54 c:/program files (x86)/gnu tools arm embedded/4.9 2015q3/bin/../lib/gcc/arm-none-eabi/4.9.3/armv7-m\libgcc.a(bpabi.o)
 .debug_frame   0x0000281c       0x34 c:/program files (x86)/gnu tools arm embedded/4.9 2015q3/bin/../lib/gcc/arm-none-eabi/4.9.3/armv7-m\libgcc.a(_divdi3.o)
 .debug_frame   0x00002850       0x34 c:/program files (x86)/gnu tools arm embedded/4.9 2015q3/bin/../lib/gcc/arm-none-eabi/4.9.3/armv7-m\libgcc.a(_udivdi3.o)
 .debug_frame   0x00002884       0x50 c:/program files (x86)/gnu tools arm embedded/4.9 2015q3/bin/../lib/gcc/arm-none-eabi/4.9.3/../../../../arm-none-eabi/lib/armv7-m\libg.a(lib_a-__call_atexit.o)
 .debug_frame   0x000028d4       0x20 c:/program files (x86)/gnu tools arm embedded/4.9 2015q3/bin/../lib/gcc/arm-none-eabi/4.9.3/../../../../arm-none-eabi/lib/armv7-m\libg.a(lib_a-atexit.o)
 .debug_frame   0x000028f4       0x34 c:/program files (x86)/gnu tools arm embedded/4.9 2015q3/bin/../lib/gcc/arm-none-eabi/4.9.3/../../../../arm-none-eabi/lib/armv7-m\libg.a(lib_a-fini.o)
 .debug_frame   0x00002928       0x34 c:/program files (x86)/gnu tools arm embedded/4.9 2015q3/bin/../lib/gcc/arm-none-eabi/4.9.3/../../../../arm-none-eabi/lib/armv7-m\libg.a(lib_a-__atexit.o)
