******************************************************************************
        TMS320C2000 COFF Linker PC v4.1.3                      
******************************************************************************
>> Linked Fri May 20 11:14:02 2011

OUTPUT FILE NAME:   <./Release/charger.out>
ENTRY POINT SYMBOL: "_c_int00"  address: 003f6000


MEMORY CONFIGURATION

                  name            origin    length      used    attr    fill
         ----------------------  --------  ---------  --------  ----  --------
PAGE  0: PRAML0                  00008000   00000800  00000000  RWIX
         OTP                     003d7800   00000400  00000000  RWIX
         FLASHD                  003f0000   00002000  00000000  RWIX
         FLASHC                  003f2000   00002000  00000000  RWIX
         FLASHA                  003f6000   00001f80  0000055b  RWIX
         CSM_RSVD                003f7f80   00000076  00000000  RWIX
         BEGIN                   003f7ff6   00000002  00000002  RWIX
         CSM_PWL_P0              003f7ff8   00000008  00000000  RWIX
         IQTABLES                003fe000   00000b50  00000000  RWIX
         IQTABLES2               003feb50   0000008c  00000000  RWIX
         IQTABLES3               003febdc   000000aa  00000000  RWIX
         ROM                     003ff27c   00000d44  00000000  RWIX
         RESET                   003fffc0   00000002  00000000  RWIX
         VECTORS                 003fffc2   0000003e  00000000  RWIX

PAGE  1: BOOT_RSVD               00000000   00000050  00000000  RWIX
         RAMM0                   00000050   000003b0  0000012c  RWIX
         RAMM1                   00000400   00000400  00000000  RWIX
         DEV_EMU                 00000880   00000105  00000004  RWIX
         SYS_PWR_CTL             00000985   00000003  00000003  RWIX
         FLASH_REGS              00000a80   00000060  00000008  RWIX
         CSM                     00000ae0   00000010  00000010  RWIX
         ADC_RESULT              00000b00   00000020  00000020  RWIX
         CPU_TIMER0              00000c00   00000008  00000008  RWIX
         CPU_TIMER1              00000c08   00000008  00000008  RWIX
         CPU_TIMER2              00000c10   00000008  00000008  RWIX
         PIE_CTRL                00000ce0   00000020  0000001a  RWIX
         PIE_VECT                00000d00   00000100  00000100  RWIX
         COMP1                   00006400   00000020  00000011  RWIX
         COMP2                   00006420   00000020  00000011  RWIX
         EPWM1                   00006800   00000040  0000003a  RWIX
         EPWM2                   00006840   00000040  0000003a  RWIX
         EPWM3                   00006880   00000040  0000003a  RWIX
         EPWM4                   000068c0   00000040  0000003a  RWIX
         ECAP1                   00006a00   00000020  00000020  RWIX
         GPIOCTRL                00006f80   00000040  00000040  RWIX
         GPIODAT                 00006fc0   00000020  00000020  RWIX
         GPIOINT                 00006fe0   00000020  0000000a  RWIX
         SYSTEM                  00007010   00000020  0000001f  RWIX
         SPIA                    00007040   00000010  00000010  RWIX
         SCIA                    00007050   00000010  00000010  RWIX
         NMIINTRUPT              00007060   00000010  00000010  RWIX
         XINTRUPT                00007070   00000010  00000010  RWIX
         ADC                     00007100   00000080  00000050  RWIX
         I2CA                    00007900   00000040  00000022  RWIX
         DRAML0                  00008800   00000800  00000086  RWIX
         PARTID                  003d7fff   00000001  00000001  RWIX
         FLASHB                  003f4000   00002000  00000000  RWIX
         CSM_PWL                 003f7ff8   00000008  00000008  RWIX


SECTION ALLOCATION MAP

 output                                  attributes/
section   page    origin      length       input sections
--------  ----  ----------  ----------   ----------------
ramfuncs   0    ffffffff    00000000     UNINITIALIZED

.pinit     0    003f6000    00000000     UNINITIALIZED

.econst    0    003f6000    00000000     UNINITIALIZED

.switch    0    003f6000    00000000     UNINITIALIZED

IQmath     0    003f6000    00000000     UNINITIALIZED

.text      0    003f6000    00000542     
                  003f6000    00000044     rts2800_ml.lib : boot.obj (.text)
                  003f6044    0000004a                    : exit.obj (.text)
                  003f608e    00000009                    : _lock.obj (.text)
                  003f6097    00000014                    : args_main.obj (.text)
                  003f60ab    00000076     adc.obj (.text)
                  003f6121    00000008     DSP2802x_CodeStartBranch.obj (.text)
                  003f6129    0000001f     InOutSignal.obj (.text)
                  003f6148    00000340     main.obj (.text)
                  003f6488    000000ba     SPKey.obj (.text)

.cinit     0    003f6542    00000019     
                  003f6542    0000000e     rts2800_ml.lib : exit.obj (.cinit)
                  003f6550    0000000a                    : _lock.obj (.cinit)
                  003f655a    00000001     --HOLE-- [fill = 0]

csm_rsvd   0    003f7f80    00000000     UNINITIALIZED

codestart 
*          0    003f7ff6    00000002     
                  003f7ff6    00000002     DSP2802x_CodeStartBranch.obj (codestart)

csmpasswds 
*          0    003f7ff8    00000000     UNINITIALIZED

IQmathTables 
*          0    003fe000    00000000     NOLOAD SECTION

.reset     0    003fffc0    00000002     DSECT
                  003fffc0    00000002     rts2800_ml.lib : boot.obj (.reset)

vectors    0    003fffc2    00000000     DSECT

.data      1    00000000    00000000     UNINITIALIZED

.bss       1    00000000    00000000     UNINITIALIZED

.stack     1    00000050    0000012c     UNINITIALIZED

DevEmuRegsFile 
*          1    00000880    00000004     UNINITIALIZED
                  00000880    00000004     DSP2802x_GlobalVariableDefs.obj (DevEmuRegsFile)

SysPwrCtrlRegsFile 
*          1    00000985    00000003     UNINITIALIZED
                  00000985    00000003     DSP2802x_GlobalVariableDefs.obj (SysPwrCtrlRegsFile)

FlashRegsFile 
*          1    00000a80    00000008     UNINITIALIZED
                  00000a80    00000008     DSP2802x_GlobalVariableDefs.obj (FlashRegsFile)

CsmRegsFile 
*          1    00000ae0    00000010     UNINITIALIZED
                  00000ae0    00000010     DSP2802x_GlobalVariableDefs.obj (CsmRegsFile)

AdcResultFile 
*          1    00000b00    00000020     UNINITIALIZED
                  00000b00    00000020     DSP2802x_GlobalVariableDefs.obj (AdcResultFile)

CpuTimer0RegsFile 
*          1    00000c00    00000008     UNINITIALIZED
                  00000c00    00000008     DSP2802x_GlobalVariableDefs.obj (CpuTimer0RegsFile)

CpuTimer1RegsFile 
*          1    00000c08    00000008     UNINITIALIZED
                  00000c08    00000008     DSP2802x_GlobalVariableDefs.obj (CpuTimer1RegsFile)

CpuTimer2RegsFile 
*          1    00000c10    00000008     UNINITIALIZED
                  00000c10    00000008     DSP2802x_GlobalVariableDefs.obj (CpuTimer2RegsFile)

PieCtrlRegsFile 
*          1    00000ce0    0000001a     UNINITIALIZED
                  00000ce0    0000001a     DSP2802x_GlobalVariableDefs.obj (PieCtrlRegsFile)

EmuKeyVar 
*          1    00000d00    00000001     UNINITIALIZED
                  00000d00    00000001     DSP2802x_GlobalVariableDefs.obj (EmuKeyVar)

PieVectTableFile 
*          1    00000d00    00000100     UNINITIALIZED
                  00000d00    00000100     DSP2802x_GlobalVariableDefs.obj (PieVectTableFile)

EmuBModeVar 
*          1    00000d01    00000001     UNINITIALIZED
                  00000d01    00000001     DSP2802x_GlobalVariableDefs.obj (EmuBModeVar)

FlashCallbackVar 
*          1    00000d02    00000002     UNINITIALIZED
                  00000d02    00000002     DSP2802x_GlobalVariableDefs.obj (FlashCallbackVar)

FlashScalingVar 
*          1    00000d04    00000002     UNINITIALIZED
                  00000d04    00000002     DSP2802x_GlobalVariableDefs.obj (FlashScalingVar)

Comp1RegsFile 
*          1    00006400    00000011     UNINITIALIZED
                  00006400    00000011     DSP2802x_GlobalVariableDefs.obj (Comp1RegsFile)

Comp2RegsFile 
*          1    00006420    00000011     UNINITIALIZED
                  00006420    00000011     DSP2802x_GlobalVariableDefs.obj (Comp2RegsFile)

EPwm1RegsFile 
*          1    00006800    0000003a     UNINITIALIZED
                  00006800    0000003a     DSP2802x_GlobalVariableDefs.obj (EPwm1RegsFile)

EPwm2RegsFile 
*          1    00006840    0000003a     UNINITIALIZED
                  00006840    0000003a     DSP2802x_GlobalVariableDefs.obj (EPwm2RegsFile)

EPwm3RegsFile 
*          1    00006880    0000003a     UNINITIALIZED
                  00006880    0000003a     DSP2802x_GlobalVariableDefs.obj (EPwm3RegsFile)

EPwm4RegsFile 
*          1    000068c0    0000003a     UNINITIALIZED
                  000068c0    0000003a     DSP2802x_GlobalVariableDefs.obj (EPwm4RegsFile)

ECap1RegsFile 
*          1    00006a00    00000020     UNINITIALIZED
                  00006a00    00000020     DSP2802x_GlobalVariableDefs.obj (ECap1RegsFile)

GpioCtrlRegsFile 
*          1    00006f80    00000040     UNINITIALIZED
                  00006f80    00000040     DSP2802x_GlobalVariableDefs.obj (GpioCtrlRegsFile)

GpioDataRegsFile 
*          1    00006fc0    00000020     UNINITIALIZED
                  00006fc0    00000020     DSP2802x_GlobalVariableDefs.obj (GpioDataRegsFile)

GpioIntRegsFile 
*          1    00006fe0    0000000a     UNINITIALIZED
                  00006fe0    0000000a     DSP2802x_GlobalVariableDefs.obj (GpioIntRegsFile)

SysCtrlRegsFile 
*          1    00007010    0000001f     UNINITIALIZED
                  00007010    0000001f     DSP2802x_GlobalVariableDefs.obj (SysCtrlRegsFile)

SpiaRegsFile 
*          1    00007040    00000010     UNINITIALIZED
                  00007040    00000010     DSP2802x_GlobalVariableDefs.obj (SpiaRegsFile)

SciaRegsFile 
*          1    00007050    00000010     UNINITIALIZED
                  00007050    00000010     DSP2802x_GlobalVariableDefs.obj (SciaRegsFile)

NmiIntruptRegsFile 
*          1    00007060    00000010     UNINITIALIZED
                  00007060    00000010     DSP2802x_GlobalVariableDefs.obj (NmiIntruptRegsFile)

XIntruptRegsFile 
*          1    00007070    00000010     UNINITIALIZED
                  00007070    00000010     DSP2802x_GlobalVariableDefs.obj (XIntruptRegsFile)

AdcRegsFile 
*          1    00007100    00000050     UNINITIALIZED
                  00007100    00000050     DSP2802x_GlobalVariableDefs.obj (AdcRegsFile)

I2caRegsFile 
*          1    00007900    00000022     UNINITIALIZED
                  00007900    00000022     DSP2802x_GlobalVariableDefs.obj (I2caRegsFile)

.esysmem   1    00008800    00000000     UNINITIALIZED

.ebss      1    00008800    00000086     UNINITIALIZED
                  00008800    00000080     rts2800_ml.lib : exit.obj (.ebss)
                  00008880    00000004                    : _lock.obj (.ebss)
                  00008884    00000002     main.obj (.ebss)

PartIdRegsFile 
*          1    003d7fff    00000001     UNINITIALIZED
                  003d7fff    00000001     DSP2802x_GlobalVariableDefs.obj (PartIdRegsFile)

CsmPwlFile 
*          1    003f7ff8    00000008     UNINITIALIZED
                  003f7ff8    00000008     DSP2802x_GlobalVariableDefs.obj (CsmPwlFile)


GLOBAL SYMBOLS: SORTED ALPHABETICALLY BY Name 

address    name
--------   ----
00000000   .bss
00000000   .data
003f6000   .text
003f606a   C$$EXIT
003f6424   _ADC_tmp_test
00007100   _AdcRegs
00000b00   _AdcResult
00006400   _Comp1Regs
00006420   _Comp2Regs
00000c00   _CpuTimer0Regs
00000c08   _CpuTimer1Regs
00000c10   _CpuTimer2Regs
003f7ff8   _CsmPwl
00000ae0   _CsmRegs
00000880   _DevEmuRegs
00006a00   _ECap1Regs
00006800   _EPwm1Regs
00006840   _EPwm2Regs
00006880   _EPwm3Regs
000068c0   _EPwm4Regs
00000d01   _EmuBMode
00000d00   _EmuKey
00000a80   _FlashRegs
00000d04   _Flash_CPUScaleFactor
00000d02   _Flash_CallbackPtr
00006f80   _GpioCtrlRegs
00006fc0   _GpioDataRegs
00006fe0   _GpioIntRegs
00007900   _I2caRegs
003f6197   _Init
003f60ab   _InitADC
003f6129   _InitInOutSignal
003f6153   _InitPll
003f652d   _IsKeyPulsFinished
00007060   _NmiIntruptRegs
003d7fff   _PartIdRegs
00000ce0   _PieCtrlRegs
00000d00   _PieVectTable
003f6521   _PulsPKey
003f6519   _PulsPKeyAgain
003f650d   _PulsSKey
003f6505   _PulsSKeyAgain
00007050   _SciaRegs
003f6497   _SetupKeyControl
00007040   _SpiaRegs
00007010   _SysCtrlRegs
00000985   _SysPwrCtrlRegs
003f626d   _TestADC
003f621a   _TestSKeyAndPKey
003f6488   _TurnOffKeys
00007070   _XIntruptRegs
0000012c   __STACK_SIZE
ffffffff   ___binit__
00000000   ___bss__
ffffffff   ___c_args__
003f6542   ___cinit__
00000000   ___data__
00000000   ___edata__
00000000   ___end__
003f6542   ___etext__
ffffffff   ___pinit__
003f6000   ___text__
003f6097   __args_main
00008804   __cleanup_ptr
00008802   __dtors_ptr
00008882   __lock
003f608e   __nop
003f608f   __register_lock
003f6093   __register_unlock
00008880   __unlock
003f608d   _abort
003f606c   _atexit
003f6000   _c_int00
003f6044   _exit
003f61df   _main
00008884   _temp
003f6148   _wait_mk
00008885   _wait_tmp
ffffffff   binit
003f6542   cinit
003f7ff6   code_start
00000000   edata
00000000   end
003f6542   etext
ffffffff   pinit


GLOBAL SYMBOLS: SORTED BY Symbol Address 

address    name
--------   ----
00000000   ___edata__
00000000   ___end__
00000000   ___bss__
00000000   ___data__
00000000   .bss
00000000   .data
00000000   edata
00000000   end
0000012c   __STACK_SIZE
00000880   _DevEmuRegs
00000985   _SysPwrCtrlRegs
00000a80   _FlashRegs
00000ae0   _CsmRegs
00000b00   _AdcResult
00000c00   _CpuTimer0Regs
00000c08   _CpuTimer1Regs
00000c10   _CpuTimer2Regs
00000ce0   _PieCtrlRegs
00000d00   _EmuKey
00000d00   _PieVectTable
00000d01   _EmuBMode
00000d02   _Flash_CallbackPtr
00000d04   _Flash_CPUScaleFactor
00006400   _Comp1Regs
00006420   _Comp2Regs
00006800   _EPwm1Regs
00006840   _EPwm2Regs
00006880   _EPwm3Regs
000068c0   _EPwm4Regs
00006a00   _ECap1Regs
00006f80   _GpioCtrlRegs
00006fc0   _GpioDataRegs
00006fe0   _GpioIntRegs
00007010   _SysCtrlRegs
00007040   _SpiaRegs
00007050   _SciaRegs
00007060   _NmiIntruptRegs
00007070   _XIntruptRegs
00007100   _AdcRegs
00007900   _I2caRegs
00008802   __dtors_ptr
00008804   __cleanup_ptr
00008880   __unlock
00008882   __lock
00008884   _temp
00008885   _wait_tmp
003d7fff   _PartIdRegs
003f6000   .text
003f6000   ___text__
003f6000   _c_int00
003f6044   _exit
003f606a   C$$EXIT
003f606c   _atexit
003f608d   _abort
003f608e   __nop
003f608f   __register_lock
003f6093   __register_unlock
003f6097   __args_main
003f60ab   _InitADC
003f6129   _InitInOutSignal
003f6148   _wait_mk
003f6153   _InitPll
003f6197   _Init
003f61df   _main
003f621a   _TestSKeyAndPKey
003f626d   _TestADC
003f6424   _ADC_tmp_test
003f6488   _TurnOffKeys
003f6497   _SetupKeyControl
003f6505   _PulsSKeyAgain
003f650d   _PulsSKey
003f6519   _PulsPKeyAgain
003f6521   _PulsPKey
003f652d   _IsKeyPulsFinished
003f6542   etext
003f6542   ___cinit__
003f6542   cinit
003f6542   ___etext__
003f7ff6   code_start
003f7ff8   _CsmPwl
ffffffff   pinit
ffffffff   ___c_args__
ffffffff   ___binit__
ffffffff   binit
ffffffff   ___pinit__

[85 symbols]
